Archive member included to satisfy reference by file (symbol)

/opt/st/stm32cubeide_1.12.0/plugins/com.st.stm32cube.ide.mcu.externaltools.gnu-tools-for-stm32.10.3-2021.10.linux64_1.0.200.202301161003/tools/bin/../lib/gcc/arm-none-eabi/10.3.1/../../../../arm-none-eabi/lib/thumb/v7e-m+fp/hard/libc_nano.a(lib_a-errno.o)
                              ./Core/Src/syscalls.o (__errno)
/opt/st/stm32cubeide_1.12.0/plugins/com.st.stm32cube.ide.mcu.externaltools.gnu-tools-for-stm32.10.3-2021.10.linux64_1.0.200.202301161003/tools/bin/../lib/gcc/arm-none-eabi/10.3.1/../../../../arm-none-eabi/lib/thumb/v7e-m+fp/hard/libc_nano.a(lib_a-exit.o)
                              /opt/st/stm32cubeide_1.12.0/plugins/com.st.stm32cube.ide.mcu.externaltools.gnu-tools-for-stm32.10.3-2021.10.linux64_1.0.200.202301161003/tools/bin/../lib/gcc/arm-none-eabi/10.3.1/../../../../arm-none-eabi/lib/thumb/v7e-m+fp/hard/crt0.o (exit)
/opt/st/stm32cubeide_1.12.0/plugins/com.st.stm32cube.ide.mcu.externaltools.gnu-tools-for-stm32.10.3-2021.10.linux64_1.0.200.202301161003/tools/bin/../lib/gcc/arm-none-eabi/10.3.1/../../../../arm-none-eabi/lib/thumb/v7e-m+fp/hard/libc_nano.a(lib_a-impure.o)
                              /opt/st/stm32cubeide_1.12.0/plugins/com.st.stm32cube.ide.mcu.externaltools.gnu-tools-for-stm32.10.3-2021.10.linux64_1.0.200.202301161003/tools/bin/../lib/gcc/arm-none-eabi/10.3.1/../../../../arm-none-eabi/lib/thumb/v7e-m+fp/hard/libc_nano.a(lib_a-exit.o) (_global_impure_ptr)
/opt/st/stm32cubeide_1.12.0/plugins/com.st.stm32cube.ide.mcu.externaltools.gnu-tools-for-stm32.10.3-2021.10.linux64_1.0.200.202301161003/tools/bin/../lib/gcc/arm-none-eabi/10.3.1/../../../../arm-none-eabi/lib/thumb/v7e-m+fp/hard/libc_nano.a(lib_a-init.o)
                              /opt/st/stm32cubeide_1.12.0/plugins/com.st.stm32cube.ide.mcu.externaltools.gnu-tools-for-stm32.10.3-2021.10.linux64_1.0.200.202301161003/tools/bin/../lib/gcc/arm-none-eabi/10.3.1/../../../../arm-none-eabi/lib/thumb/v7e-m+fp/hard/crt0.o (__libc_init_array)
/opt/st/stm32cubeide_1.12.0/plugins/com.st.stm32cube.ide.mcu.externaltools.gnu-tools-for-stm32.10.3-2021.10.linux64_1.0.200.202301161003/tools/bin/../lib/gcc/arm-none-eabi/10.3.1/../../../../arm-none-eabi/lib/thumb/v7e-m+fp/hard/libc_nano.a(lib_a-memset.o)
                              /opt/st/stm32cubeide_1.12.0/plugins/com.st.stm32cube.ide.mcu.externaltools.gnu-tools-for-stm32.10.3-2021.10.linux64_1.0.200.202301161003/tools/bin/../lib/gcc/arm-none-eabi/10.3.1/../../../../arm-none-eabi/lib/thumb/v7e-m+fp/hard/crt0.o (memset)
/opt/st/stm32cubeide_1.12.0/plugins/com.st.stm32cube.ide.mcu.externaltools.gnu-tools-for-stm32.10.3-2021.10.linux64_1.0.200.202301161003/tools/bin/../lib/gcc/arm-none-eabi/10.3.1/../../../../arm-none-eabi/lib/thumb/v7e-m+fp/hard/libc_nano.a(lib_a-printf.o)
                              ./Core/Src/main.o (printf)
/opt/st/stm32cubeide_1.12.0/plugins/com.st.stm32cube.ide.mcu.externaltools.gnu-tools-for-stm32.10.3-2021.10.linux64_1.0.200.202301161003/tools/bin/../lib/gcc/arm-none-eabi/10.3.1/../../../../arm-none-eabi/lib/thumb/v7e-m+fp/hard/libc_nano.a(lib_a-puts.o)
                              ./Core/Src/main.o (puts)
/opt/st/stm32cubeide_1.12.0/plugins/com.st.stm32cube.ide.mcu.externaltools.gnu-tools-for-stm32.10.3-2021.10.linux64_1.0.200.202301161003/tools/bin/../lib/gcc/arm-none-eabi/10.3.1/../../../../arm-none-eabi/lib/thumb/v7e-m+fp/hard/libc_nano.a(lib_a-setbuf.o)
                              ./Core/Src/main.o (setbuf)
/opt/st/stm32cubeide_1.12.0/plugins/com.st.stm32cube.ide.mcu.externaltools.gnu-tools-for-stm32.10.3-2021.10.linux64_1.0.200.202301161003/tools/bin/../lib/gcc/arm-none-eabi/10.3.1/../../../../arm-none-eabi/lib/thumb/v7e-m+fp/hard/libc_nano.a(lib_a-setvbuf.o)
                              /opt/st/stm32cubeide_1.12.0/plugins/com.st.stm32cube.ide.mcu.externaltools.gnu-tools-for-stm32.10.3-2021.10.linux64_1.0.200.202301161003/tools/bin/../lib/gcc/arm-none-eabi/10.3.1/../../../../arm-none-eabi/lib/thumb/v7e-m+fp/hard/libc_nano.a(lib_a-setbuf.o) (setvbuf)
/opt/st/stm32cubeide_1.12.0/plugins/com.st.stm32cube.ide.mcu.externaltools.gnu-tools-for-stm32.10.3-2021.10.linux64_1.0.200.202301161003/tools/bin/../lib/gcc/arm-none-eabi/10.3.1/../../../../arm-none-eabi/lib/thumb/v7e-m+fp/hard/libc_nano.a(lib_a-wbuf.o)
                              /opt/st/stm32cubeide_1.12.0/plugins/com.st.stm32cube.ide.mcu.externaltools.gnu-tools-for-stm32.10.3-2021.10.linux64_1.0.200.202301161003/tools/bin/../lib/gcc/arm-none-eabi/10.3.1/../../../../arm-none-eabi/lib/thumb/v7e-m+fp/hard/libc_nano.a(lib_a-puts.o) (__swbuf_r)
/opt/st/stm32cubeide_1.12.0/plugins/com.st.stm32cube.ide.mcu.externaltools.gnu-tools-for-stm32.10.3-2021.10.linux64_1.0.200.202301161003/tools/bin/../lib/gcc/arm-none-eabi/10.3.1/../../../../arm-none-eabi/lib/thumb/v7e-m+fp/hard/libc_nano.a(lib_a-wsetup.o)
[...]
Memory Configuration

Name             Origin             Length             Attributes
CCMRAM           0x0000000010000000 0x0000000000001000 xrw
RAM              0x0000000020000000 0x0000000000003000 xrw
FLASH            0x0000000008000000 0x0000000000010000 xr
*default*        0x0000000000000000 0xffffffffffffffff

Linker script and memory map

LOAD /opt/st/stm32cubeide_1.12.0/plugins/com.st.stm32cube.ide.mcu.externaltools.gnu-tools-for-stm32.10.3-2021.10.linux64_1.0.200.202301161003/tools/bin/../lib/gcc/arm-none-eabi/10.3.1/thumb/v7e-m+fp/hard/crti.o
LOAD /opt/st/stm32cubeide_1.12.0/plugins/com.st.stm32cube.ide.mcu.externaltools.gnu-tools-for-stm32.10.3-2021.10.linux64_1.0.200.202301161003/tools/bin/../lib/gcc/arm-none-eabi/10.3.1/thumb/v7e-m+fp/hard/crtbegin.o
LOAD /opt/st/stm32cubeide_1.12.0/plugins/com.st.stm32cube.ide.mcu.externaltools.gnu-tools-for-stm32.10.3-2021.10.linux64_1.0.200.202301161003/tools/bin/../lib/gcc/arm-none-eabi/10.3.1/../../../../arm-none-eabi/lib/thumb/v7e-m+fp/hard/crt0.o
LOAD ./Core/Src/main.o
LOAD ./Core/Src/stm32f3xx_hal_msp.o
LOAD ./Core/Src/stm32f3xx_it.o
LOAD ./Core/Src/syscalls.o
LOAD ./Core/Src/sysmem.o
LOAD ./Core/Src/system_stm32f3xx.o
LOAD ./Core/Src/vl6180x_api.o
LOAD ./Core/Src/vl6180x_i2c.o
LOAD ./Core/Startup/startup_stm32f303k8tx.o
LOAD ./Drivers/STM32F3xx_HAL_Driver/Src/stm32f3xx_hal.o
LOAD ./Drivers/STM32F3xx_HAL_Driver/Src/stm32f3xx_hal_cortex.o
LOAD ./Drivers/STM32F3xx_HAL_Driver/Src/stm32f3xx_hal_dma.o
LOAD ./Drivers/STM32F3xx_HAL_Driver/Src/stm32f3xx_hal_exti.o
LOAD ./Drivers/STM32F3xx_HAL_Driver/Src/stm32f3xx_hal_flash.o
LOAD ./Drivers/STM32F3xx_HAL_Driver/Src/stm32f3xx_hal_flash_ex.o
LOAD ./Drivers/STM32F3xx_HAL_Driver/Src/stm32f3xx_hal_gpio.o
LOAD ./Drivers/STM32F3xx_HAL_Driver/Src/stm32f3xx_hal_i2c.o
LOAD ./Drivers/STM32F3xx_HAL_Driver/Src/stm32f3xx_hal_i2c_ex.o
LOAD ./Drivers/STM32F3xx_HAL_Driver/Src/stm32f3xx_hal_pwr.o
LOAD ./Drivers/STM32F3xx_HAL_Driver/Src/stm32f3xx_hal_pwr_ex.o
LOAD ./Drivers/STM32F3xx_HAL_Driver/Src/stm32f3xx_hal_rcc.o
LOAD ./Drivers/STM32F3xx_HAL_Driver/Src/stm32f3xx_hal_rcc_ex.o
LOAD ./Drivers/STM32F3xx_HAL_Driver/Src/stm32f3xx_hal_tim.o
LOAD ./Drivers/STM32F3xx_HAL_Driver/Src/stm32f3xx_hal_tim_ex.o
LOAD ./Drivers/STM32F3xx_HAL_Driver/Src/stm32f3xx_hal_uart.o
LOAD ./Drivers/STM32F3xx_HAL_Driver/Src/stm32f3xx_hal_uart_ex.o
START GROUP
LOAD /opt/st/stm32cubeide_1.12.0/plugins/com.st.stm32cube.ide.mcu.externaltools.gnu-tools-for-stm32.10.3-2021.10.linux64_1.0.200.202301161003/tools/bin/../lib/gcc/arm-none-eabi/10.3.1/../../../../arm-none-eabi/lib/thumb/v7e-m+fp/hard/libc_nano.a
LOAD /opt/st/stm32cubeide_1.12.0/plugins/com.st.stm32cube.ide.mcu.externaltools.gnu-tools-for-stm32.10.3-2021.10.linux64_1.0.200.202301161003/tools/bin/../lib/gcc/arm-none-eabi/10.3.1/../../../../arm-none-eabi/lib/thumb/v7e-m+fp/hard/libm.a
END GROUP
START GROUP
LOAD /opt/st/stm32cubeide_1.12.0/plugins/com.st.stm32cube.ide.mcu.externaltools.gnu-tools-for-stm32.10.3-2021.10.linux64_1.0.200.202301161003/tools/bin/../lib/gcc/arm-none-eabi/10.3.1/thumb/v7e-m+fp/hard/libgcc.a
LOAD /opt/st/stm32cubeide_1.12.0/plugins/com.st.stm32cube.ide.mcu.externaltools.gnu-tools-for-stm32.10.3-2021.10.linux64_1.0.200.202301161003/tools/bin/../lib/gcc/arm-none-eabi/10.3.1/../../../../arm-none-eabi/lib/thumb/v7e-m+fp/hard/libc_nano.a
END GROUP
START GROUP
LOAD /opt/st/stm32cubeide_1.12.0/plugins/com.st.stm32cube.ide.mcu.externaltools.gnu-tools-for-stm32.10.3-2021.10.linux64_1.0.200.202301161003/tools/bin/../lib/gcc/arm-none-eabi/10.3.1/thumb/v7e-m+fp/hard/libgcc.a
LOAD /opt/st/stm32cubeide_1.12.0/plugins/com.st.stm32cube.ide.mcu.externaltools.gnu-tools-for-stm32.10.3-2021.10.linux64_1.0.200.202301161003/tools/bin/../lib/gcc/arm-none-eabi/10.3.1/../../../../arm-none-eabi/lib/thumb/v7e-m+fp/hard/libc_nano.a
LOAD /opt/st/stm32cubeide_1.12.0/plugins/com.st.stm32cube.ide.mcu.externaltools.gnu-tools-for-stm32.10.3-2021.10.linux64_1.0.200.202301161003/tools/bin/../lib/gcc/arm-none-eabi/10.3.1/../../../../arm-none-eabi/lib/thumb/v7e-m+fp/hard/libnosys.a
END GROUP
START GROUP
LOAD /opt/st/stm32cubeide_1.12.0/plugins/com.st.stm32cube.ide.mcu.externaltools.gnu-tools-for-stm32.10.3-2021.10.linux64_1.0.200.202301161003/tools/bin/../lib/gcc/arm-none-eabi/10.3.1/thumb/v7e-m+fp/hard/libgcc.a
LOAD /opt/st/stm32cubeide_1.12.0/plugins/com.st.stm32cube.ide.mcu.externaltools.gnu-tools-for-stm32.10.3-2021.10.linux64_1.0.200.202301161003/tools/bin/../lib/gcc/arm-none-eabi/10.3.1/../../../../arm-none-eabi/lib/thumb/v7e-m+fp/hard/libc_nano.a
LOAD /opt/st/stm32cubeide_1.12.0/plugins/com.st.stm32cube.ide.mcu.externaltools.gnu-tools-for-stm32.10.3-2021.10.linux64_1.0.200.202301161003/tools/bin/../lib/gcc/arm-none-eabi/10.3.1/../../../../arm-none-eabi/lib/thumb/v7e-m+fp/hard/libnosys.a
END GROUP
LOAD /opt/st/stm32cubeide_1.12.0/plugins/com.st.stm32cube.ide.mcu.externaltools.gnu-tools-for-stm32.10.3-2021.10.linux64_1.0.200.202301161003/tools/bin/../lib/gcc/arm-none-eabi/10.3.1/thumb/v7e-m+fp/hard/crtend.o
LOAD /opt/st/stm32cubeide_1.12.0/plugins/com.st.stm32cube.ide.mcu.externaltools.gnu-tools-for-stm32.10.3-2021.10.linux64_1.0.200.202301161003/tools/bin/../lib/gcc/arm-none-eabi/10.3.1/thumb/v7e-m+fp/hard/crtn.o
                0x0000000020003000                _estack = (ORIGIN (RAM) + LENGTH (RAM))
                0x0000000000000200                _Min_Heap_Size = 0x200
                0x0000000000000400                _Min_Stack_Size = 0x400

.isr_vector     0x0000000008000000      0x188
                0x0000000008000000                . = ALIGN (0x4)
 *(.isr_vector)
 .isr_vector    0x0000000008000000      0x188 ./Core/Startup/startup_stm32f303k8tx.o
                0x0000000008000000                g_pfnVectors
                0x0000000008000188                . = ALIGN (0x4)

.text           0x0000000008000190     0x6bdc
                0x0000000008000190                . = ALIGN (0x4)
 *(.text)
 .text          0x0000000008000190       0x40 /opt/st/stm32cubeide_1.12.0/plugins/com.st.stm32cube.ide.mcu.externaltools.gnu-tools-for-stm32.10.3-2021.10.linux64_1.0.200.202301161003/tools/bin/../lib/gcc/arm-none-eabi/10.3.1/thumb/v7e-m+fp/hard/crtbegin.o
 .text          0x00000000080001d0       0xa0 /opt/st/stm32cubeide_1.12.0/plugins/com.st.stm32cube.ide.mcu.externaltools.gnu-tools-for-stm32.10.3-2021.10.linux64_1.0.200.202301161003/tools/bin/../lib/gcc/arm-none-eabi/10.3.1/../../../../arm-none-eabi/lib/thumb/v7e-m+fp/hard/libc_nano.a(lib_a-memchr.o)
                0x00000000080001d0                memchr
 *(.text*)
 .text.VL6180x_I2CWrite
                0x0000000008000270       0x34 ./Core/Src/main.o
                0x0000000008000270                VL6180x_I2CWrite
 .text.VL6180x_I2CRead
                0x00000000080002a4       0x34 ./Core/Src/main.o
                0x00000000080002a4                VL6180x_I2CRead
 .text.main     0x00000000080002d8      0x120 ./Core/Src/main.o
                0x00000000080002d8                main
 .text.SystemClock_Config
                0x00000000080003f8       0xa4 ./Core/Src/main.o
                0x00000000080003f8                SystemClock_Config
 .text.MX_I2C1_Init
                0x000000000800049c       0x80 ./Core/Src/main.o
 .text.MX_USART2_UART_Init
                0x000000000800051c       0x60 ./Core/Src/main.o
 .text.MX_GPIO_Init
                0x000000000800057c       0x94 ./Core/Src/main.o
 .text._write   0x0000000008000610       0x28 ./Core/Src/main.o
                0x0000000008000610                _write
 .text.Error_Handler
                0x0000000008000638        0xa ./Core/Src/main.o
                0x0000000008000638                Error_Handler
 *fill*         0x0000000008000642        0x2 
 .text.HAL_MspInit
                0x0000000008000644       0x48 ./Core/Src/stm32f3xx_hal_msp.o
                0x0000000008000644                HAL_MspInit
 .text.HAL_I2C_MspInit
                0x000000000800068c       0x88 ./Core/Src/stm32f3xx_hal_msp.o
                0x000000000800068c                HAL_I2C_MspInit
 .text.HAL_UART_MspInit
                0x0000000008000714       0x88 ./Core/Src/stm32f3xx_hal_msp.o
                0x0000000008000714                HAL_UART_MspInit
 .text.NMI_Handler
                0x000000000800079c        0x6 ./Core/Src/stm32f3xx_it.o
                0x000000000800079c                NMI_Handler
 .text.HardFault_Handler
                0x00000000080007a2        0x6 ./Core/Src/stm32f3xx_it.o
                0x00000000080007a2                HardFault_Handler
 .text.MemManage_Handler
                0x00000000080007a8        0x6 ./Core/Src/stm32f3xx_it.o
                0x00000000080007a8                MemManage_Handler
 .text.BusFault_Handler
                0x00000000080007ae        0x6 ./Core/Src/stm32f3xx_it.o
                0x00000000080007ae                BusFault_Handler
 .text.UsageFault_Handler
                0x00000000080007b4        0x6 ./Core/Src/stm32f3xx_it.o
                0x00000000080007b4                UsageFault_Handler
 .text.SVC_Handler
                0x00000000080007ba        0xe ./Core/Src/stm32f3xx_it.o
                0x00000000080007ba                SVC_Handler
 .text.DebugMon_Handler
                0x00000000080007c8        0xe ./Core/Src/stm32f3xx_it.o
                0x00000000080007c8                DebugMon_Handler
 .text.PendSV_Handler
                0x00000000080007d6        0xe ./Core/Src/stm32f3xx_it.o
                0x00000000080007d6                PendSV_Handler
 .text.SysTick_Handler
                0x00000000080007e4        0xc ./Core/Src/stm32f3xx_it.o
                0x00000000080007e4                SysTick_Handler
 .text._read    0x00000000080007f0       0x3a ./Core/Src/syscalls.o
                0x00000000080007f0                _read
 .text._close   0x000000000800082a       0x18 ./Core/Src/syscalls.o
                0x000000000800082a                _close
 .text._fstat   0x0000000008000842       0x20 ./Core/Src/syscalls.o
                0x0000000008000842                _fstat
 .text._isatty  0x0000000008000862       0x16 ./Core/Src/syscalls.o
                0x0000000008000862                _isatty
 .text._lseek   0x0000000008000878       0x1a ./Core/Src/syscalls.o
                0x0000000008000878                _lseek
 *fill*         0x0000000008000892        0x2 
 .text._sbrk    0x0000000008000894       0x6c ./Core/Src/sysmem.o
                0x0000000008000894                _sbrk
 .text.SystemInit
                0x0000000008000900       0x24 ./Core/Src/system_stm32f3xx.o
                0x0000000008000900                SystemInit
 .text.VL6180x_InitData
                0x0000000008000924      0x11c ./Core/Src/vl6180x_api.o
                0x0000000008000924                VL6180x_InitData
 .text.VL6180x_StaticInit
                0x0000000008000a40       0x90 ./Core/Src/vl6180x_api.o
                0x0000000008000a40                VL6180x_StaticInit
 .text.VL6180x_Prepare
                0x0000000008000ad0       0xda ./Core/Src/vl6180x_api.o
                0x0000000008000ad0                VL6180x_Prepare
 .text.VL6180x_AlsConfigInterrupt
                0x0000000008000baa       0x3a ./Core/Src/vl6180x_api.o
                0x0000000008000baa                VL6180x_AlsConfigInterrupt
 .text.VL6180x_AlsSetThresholds
                0x0000000008000be4       0x3e ./Core/Src/vl6180x_api.o
                0x0000000008000be4                VL6180x_AlsSetThresholds
 *fill*         0x0000000008000c22        0x2 
 .text.VL6180x_AlsSetAnalogueGain
                0x0000000008000c24       0x54 ./Core/Src/vl6180x_api.o
                0x0000000008000c24                VL6180x_AlsSetAnalogueGain
 .text.VL6180x_AlsSetInterMeasurementPeriod
                0x0000000008000c78       0x48 ./Core/Src/vl6180x_api.o
                0x0000000008000c78                VL6180x_AlsSetInterMeasurementPeriod
 .text.VL6180x_AlsSetIntegrationPeriod
                0x0000000008000cc0       0x68 ./Core/Src/vl6180x_api.o
                0x0000000008000cc0                VL6180x_AlsSetIntegrationPeriod
 .text.VL6180x_RangePollMeasurement
                0x0000000008000d28       0x90 ./Core/Src/vl6180x_api.o
                0x0000000008000d28                VL6180x_RangePollMeasurement
 .text.VL6180x_GetCachedDWord
                0x0000000008000db8       0x80 ./Core/Src/vl6180x_api.o
                0x0000000008000db8                VL6180x_GetCachedDWord
 .text.VL6180x_GetCachedWord
                0x0000000008000e38       0x70 ./Core/Src/vl6180x_api.o
                0x0000000008000e38                VL6180x_GetCachedWord
 .text.VL6180x_GetCachedByte
                0x0000000008000ea8       0x5c ./Core/Src/vl6180x_api.o
                0x0000000008000ea8                VL6180x_GetCachedByte
 .text._CachedRegs_Fetch
                0x0000000008000f04       0x48 ./Core/Src/vl6180x_api.o
                0x0000000008000f04                _CachedRegs_Fetch
 .text._CachedRegs_Flush
                0x0000000008000f4c       0x24 ./Core/Src/vl6180x_api.o
                0x0000000008000f4c                _CachedRegs_Flush
 .text.VL6180x_RangeGetMeasurement
                0x0000000008000f70       0xec ./Core/Src/vl6180x_api.o
                0x0000000008000f70                VL6180x_RangeGetMeasurement
 .text.VL6180x_RangeGetResult
                0x000000000800105c       0x44 ./Core/Src/vl6180x_api.o
                0x000000000800105c                VL6180x_RangeGetResult
 .text.VL6180x_RangeSetRawThresholds
                0x00000000080010a0       0x3e ./Core/Src/vl6180x_api.o
                0x00000000080010a0                VL6180x_RangeSetRawThresholds
 .text.VL6180x_RangeGetInterruptStatus
                0x00000000080010de       0x32 ./Core/Src/vl6180x_api.o
                0x00000000080010de                VL6180x_RangeGetInterruptStatus
 .text.VL6180x_ClearInterrupt
                0x0000000008001110       0x36 ./Core/Src/vl6180x_api.o
                0x0000000008001110                VL6180x_ClearInterrupt
 *fill*         0x0000000008001146        0x2 
 .text._UpscaleInitPatch0
                0x0000000008001148       0x30 ./Core/Src/vl6180x_api.o
 .text.VL6180x_UpscaleRegInit
                0x0000000008001178      0x1f8 ./Core/Src/vl6180x_api.o
                0x0000000008001178                VL6180x_UpscaleRegInit
 .text.VL6180x_UpscaleSetScaling
                0x0000000008001370      0x100 ./Core/Src/vl6180x_api.o
                0x0000000008001370                VL6180x_UpscaleSetScaling
 .text.VL6180x_UpscaleStaticInit
                0x0000000008001470       0x48 ./Core/Src/vl6180x_api.o
 .text.VL6180x_RangeConfigInterrupt
                0x00000000080014b8       0x36 ./Core/Src/vl6180x_api.o
                0x00000000080014b8                VL6180x_RangeConfigInterrupt
 .text.VL6180x_RangeSetEceState
                0x00000000080014ee       0x34 ./Core/Src/vl6180x_api.o
                0x00000000080014ee                VL6180x_RangeSetEceState
 .text.VL6180x_RangeSetMaxConvergenceTime
                0x0000000008001522       0x54 ./Core/Src/vl6180x_api.o
                0x0000000008001522                VL6180x_RangeSetMaxConvergenceTime
 .text.VL6180x_RangeSetSystemMode
                0x0000000008001576       0x36 ./Core/Src/vl6180x_api.o
                0x0000000008001576                VL6180x_RangeSetSystemMode
 .text.VL6180x_RangeSetEarlyConvergenceEestimateThreshold
                0x00000000080015ac       0xc0 ./Core/Src/vl6180x_api.o
 .text._GetAveTotalTime
                0x000000000800166c       0x96 ./Core/Src/vl6180x_api.o
 *fill*         0x0000000008001702        0x2 
 .text._filter_Init
                0x0000000008001704       0x84 ./Core/Src/vl6180x_api.o
 .text._filter_StdDevDamper
                0x0000000008001788       0x76 ./Core/Src/vl6180x_api.o
 *fill*         0x00000000080017fe        0x2 
 .text._filter_Start
                0x0000000008001800      0x9a4 ./Core/Src/vl6180x_api.o
 .text._filter_GetResult
                0x00000000080021a4       0xa4 ./Core/Src/vl6180x_api.o
 .text._GetRateResult
                0x0000000008002248      0x10e ./Core/Src/vl6180x_api.o
 .text.VL6180x_SqrtUint32
                0x0000000008002356       0x68 ./Core/Src/vl6180x_api.o
                0x0000000008002356                VL6180x_SqrtUint32
 *fill*         0x00000000080023be        0x2 
 .text._DMax_OneTimeInit
                0x00000000080023c0       0x24 ./Core/Src/vl6180x_api.o
                0x00000000080023c0                _DMax_OneTimeInit
 .text._DMax_RawValueAtRateKCps
                0x00000000080023e4       0x9c ./Core/Src/vl6180x_api.o
 .text._DMax_InitData
                0x0000000008002480      0x184 ./Core/Src/vl6180x_api.o
 .text._DMax_Compute
                0x0000000008002604       0x88 ./Core/Src/vl6180x_api.o
 .text.VL6180x_WrByte
                0x000000000800268c       0x4e ./Core/Src/vl6180x_i2c.o
                0x000000000800268c                VL6180x_WrByte
 .text.VL6180x_WrWord
                0x00000000080026da       0x5e ./Core/Src/vl6180x_i2c.o
                0x00000000080026da                VL6180x_WrWord
 .text.VL6180x_WrDWord
                0x0000000008002738       0x72 ./Core/Src/vl6180x_i2c.o
                0x0000000008002738                VL6180x_WrDWord
 .text.VL6180x_UpdateByte
                0x00000000080027aa       0x94 ./Core/Src/vl6180x_i2c.o
                0x00000000080027aa                VL6180x_UpdateByte
 .text.VL6180x_RdByte
                0x000000000800283e       0x66 ./Core/Src/vl6180x_i2c.o
                0x000000000800283e                VL6180x_RdByte
 .text.VL6180x_RdWord
                0x00000000080028a4       0x78 ./Core/Src/vl6180x_i2c.o
                0x00000000080028a4                VL6180x_RdWord
 .text.VL6180x_RdDWord
                0x000000000800291c       0x84 ./Core/Src/vl6180x_i2c.o
                0x000000000800291c                VL6180x_RdDWord
 .text.VL6180x_RdMulti
                0x00000000080029a0       0x5c ./Core/Src/vl6180x_i2c.o
                0x00000000080029a0                VL6180x_RdMulti
 .text.Reset_Handler
                0x00000000080029fc       0x50 ./Core/Startup/startup_stm32f303k8tx.o
                0x00000000080029fc                Reset_Handler
 .text.Default_Handler
                0x0000000008002a4c        0x2 ./Core/Startup/startup_stm32f303k8tx.o
                0x0000000008002a4c                RTC_Alarm_IRQHandler
                0x0000000008002a4c                TIM1_CC_IRQHandler
                0x0000000008002a4c                PVD_IRQHandler
                0x0000000008002a4c                TAMP_STAMP_IRQHandler
                0x0000000008002a4c                EXTI3_IRQHandler
                0x0000000008002a4c                EXTI0_IRQHandler
                0x0000000008002a4c                FPU_IRQHandler
                0x0000000008002a4c                CAN_TX_IRQHandler
                0x0000000008002a4c                TIM1_UP_TIM16_IRQHandler
                0x0000000008002a4c                ADC1_2_IRQHandler
                0x0000000008002a4c                SPI1_IRQHandler
                0x0000000008002a4c                CAN_SCE_IRQHandler
                0x0000000008002a4c                DMA1_Channel4_IRQHandler
                0x0000000008002a4c                USART3_IRQHandler
                0x0000000008002a4c                DMA1_Channel7_IRQHandler
                0x0000000008002a4c                TIM7_DAC2_IRQHandler
                0x0000000008002a4c                CAN_RX1_IRQHandler
                0x0000000008002a4c                I2C1_EV_IRQHandler
                0x0000000008002a4c                DMA1_Channel6_IRQHandler
                0x0000000008002a4c                TIM3_IRQHandler
                0x0000000008002a4c                RCC_IRQHandler
                0x0000000008002a4c                DMA1_Channel1_IRQHandler
                0x0000000008002a4c                Default_Handler
                0x0000000008002a4c                EXTI15_10_IRQHandler
                0x0000000008002a4c                COMP2_IRQHandler
                0x0000000008002a4c                TIM6_DAC1_IRQHandler
                0x0000000008002a4c                EXTI9_5_IRQHandler
                0x0000000008002a4c                RTC_WKUP_IRQHandler
                0x0000000008002a4c                DMA1_Channel5_IRQHandler
                0x0000000008002a4c                EXTI4_IRQHandler
                0x0000000008002a4c                TIM1_TRG_COM_TIM17_IRQHandler
                0x0000000008002a4c                DMA1_Channel3_IRQHandler
                0x0000000008002a4c                WWDG_IRQHandler
                0x0000000008002a4c                TIM2_IRQHandler
                0x0000000008002a4c                EXTI1_IRQHandler
                0x0000000008002a4c                COMP4_6_IRQHandler
                0x0000000008002a4c                USART2_IRQHandler
                0x0000000008002a4c                DMA1_Channel2_IRQHandler
                0x0000000008002a4c                FLASH_IRQHandler
                0x0000000008002a4c                USART1_IRQHandler
                0x0000000008002a4c                CAN_RX0_IRQHandler
                0x0000000008002a4c                I2C1_ER_IRQHandler
                0x0000000008002a4c                EXTI2_TSC_IRQHandler
                0x0000000008002a4c                TIM1_BRK_TIM15_IRQHandler
 *fill*         0x0000000008002a4e        0x2 
 .text.HAL_Init
                0x0000000008002a50       0x2c ./Drivers/STM32F3xx_HAL_Driver/Src/stm32f3xx_hal.o
                0x0000000008002a50                HAL_Init
 .text.HAL_InitTick
                0x0000000008002a7c       0x60 ./Drivers/STM32F3xx_HAL_Driver/Src/stm32f3xx_hal.o
                0x0000000008002a7c                HAL_InitTick
 .text.HAL_IncTick
                0x0000000008002adc       0x28 ./Drivers/STM32F3xx_HAL_Driver/Src/stm32f3xx_hal.o
                0x0000000008002adc                HAL_IncTick
 .text.HAL_GetTick
                0x0000000008002b04       0x18 ./Drivers/STM32F3xx_HAL_Driver/Src/stm32f3xx_hal.o
                0x0000000008002b04                HAL_GetTick
 .text.HAL_Delay
                0x0000000008002b1c       0x48 ./Drivers/STM32F3xx_HAL_Driver/Src/stm32f3xx_hal.o
                0x0000000008002b1c                HAL_Delay
 .text.__NVIC_SetPriorityGrouping
                0x0000000008002b64       0x48 ./Drivers/STM32F3xx_HAL_Driver/Src/stm32f3xx_hal_cortex.o
 .text.__NVIC_GetPriorityGrouping
                0x0000000008002bac       0x1c ./Drivers/STM32F3xx_HAL_Driver/Src/stm32f3xx_hal_cortex.o
 .text.__NVIC_SetPriority
                0x0000000008002bc8       0x54 ./Drivers/STM32F3xx_HAL_Driver/Src/stm32f3xx_hal_cortex.o
 .text.NVIC_EncodePriority
                0x0000000008002c1c       0x66 ./Drivers/STM32F3xx_HAL_Driver/Src/stm32f3xx_hal_cortex.o
 *fill*         0x0000000008002c82        0x2 
 .text.SysTick_Config
                0x0000000008002c84       0x44 ./Drivers/STM32F3xx_HAL_Driver/Src/stm32f3xx_hal_cortex.o
 .text.HAL_NVIC_SetPriorityGrouping
                0x0000000008002cc8       0x16 ./Drivers/STM32F3xx_HAL_Driver/Src/stm32f3xx_hal_cortex.o
                0x0000000008002cc8                HAL_NVIC_SetPriorityGrouping
 .text.HAL_NVIC_SetPriority
                0x0000000008002cde       0x38 ./Drivers/STM32F3xx_HAL_Driver/Src/stm32f3xx_hal_cortex.o
                0x0000000008002cde                HAL_NVIC_SetPriority
 .text.HAL_SYSTICK_Config
                0x0000000008002d16       0x18 ./Drivers/STM32F3xx_HAL_Driver/Src/stm32f3xx_hal_cortex.o
                0x0000000008002d16                HAL_SYSTICK_Config
 *fill*         0x0000000008002d2e        0x2 
 .text.HAL_GPIO_Init
                0x0000000008002d30      0x2e4 ./Drivers/STM32F3xx_HAL_Driver/Src/stm32f3xx_hal_gpio.o
                0x0000000008002d30                HAL_GPIO_Init
 .text.HAL_GPIO_WritePin
                0x0000000008003014       0x30 ./Drivers/STM32F3xx_HAL_Driver/Src/stm32f3xx_hal_gpio.o
                0x0000000008003014                HAL_GPIO_WritePin
 .text.HAL_GPIO_TogglePin
                0x0000000008003044       0x34 ./Drivers/STM32F3xx_HAL_Driver/Src/stm32f3xx_hal_gpio.o
                0x0000000008003044                HAL_GPIO_TogglePin
 .text.HAL_I2C_Init
                0x0000000008003078      0x11e ./Drivers/STM32F3xx_HAL_Driver/Src/stm32f3xx_hal_i2c.o
                0x0000000008003078                HAL_I2C_Init
 *fill*         0x0000000008003196        0x2 
 .text.HAL_I2C_Master_Transmit
                0x0000000008003198      0x1e8 ./Drivers/STM32F3xx_HAL_Driver/Src/stm32f3xx_hal_i2c.o
                0x0000000008003198                HAL_I2C_Master_Transmit
 .text.HAL_I2C_Master_Receive
                0x0000000008003380      0x1ec ./Drivers/STM32F3xx_HAL_Driver/Src/stm32f3xx_hal_i2c.o
                0x0000000008003380                HAL_I2C_Master_Receive
 .text.I2C_Flush_TXDR
                0x000000000800356c       0x48 ./Drivers/STM32F3xx_HAL_Driver/Src/stm32f3xx_hal_i2c.o
 .text.I2C_WaitOnFlagUntilTimeout
                0x00000000080035b4       0x9e ./Drivers/STM32F3xx_HAL_Driver/Src/stm32f3xx_hal_i2c.o
 .text.I2C_WaitOnTXISFlagUntilTimeout
                0x0000000008003652       0x8e ./Drivers/STM32F3xx_HAL_Driver/Src/stm32f3xx_hal_i2c.o
 .text.I2C_WaitOnSTOPFlagUntilTimeout
                0x00000000080036e0       0x86 ./Drivers/STM32F3xx_HAL_Driver/Src/stm32f3xx_hal_i2c.o
 *fill*         0x0000000008003766        0x2 
 .text.I2C_WaitOnRXNEFlagUntilTimeout
                0x0000000008003768      0x104 ./Drivers/STM32F3xx_HAL_Driver/Src/stm32f3xx_hal_i2c.o
 .text.I2C_IsErrorOccurred
                0x000000000800386c      0x1c0 ./Drivers/STM32F3xx_HAL_Driver/Src/stm32f3xx_hal_i2c.o
 .text.I2C_TransferConfig
                0x0000000008003a2c       0x64 ./Drivers/STM32F3xx_HAL_Driver/Src/stm32f3xx_hal_i2c.o
 .text.HAL_I2CEx_ConfigAnalogFilter
                0x0000000008003a90       0x96 ./Drivers/STM32F3xx_HAL_Driver/Src/stm32f3xx_hal_i2c_ex.o
                0x0000000008003a90                HAL_I2CEx_ConfigAnalogFilter
 .text.HAL_I2CEx_ConfigDigitalFilter
                0x0000000008003b26       0x98 ./Drivers/STM32F3xx_HAL_Driver/Src/stm32f3xx_hal_i2c_ex.o
                0x0000000008003b26                HAL_I2CEx_ConfigDigitalFilter
 *fill*         0x0000000008003bbe        0x2 
 .text.HAL_RCC_OscConfig
                0x0000000008003bc0     0x107c ./Drivers/STM32F3xx_HAL_Driver/Src/stm32f3xx_hal_rcc.o
                0x0000000008003bc0                HAL_RCC_OscConfig
 .text.HAL_RCC_ClockConfig
                0x0000000008004c3c      0x2f8 ./Drivers/STM32F3xx_HAL_Driver/Src/stm32f3xx_hal_rcc.o
                0x0000000008004c3c                HAL_RCC_ClockConfig
 .text.HAL_RCC_GetSysClockFreq
                0x0000000008004f34       0xd4 ./Drivers/STM32F3xx_HAL_Driver/Src/stm32f3xx_hal_rcc.o
                0x0000000008004f34                HAL_RCC_GetSysClockFreq
 .text.HAL_RCC_GetHCLKFreq
                0x0000000008005008       0x18 ./Drivers/STM32F3xx_HAL_Driver/Src/stm32f3xx_hal_rcc.o
                0x0000000008005008                HAL_RCC_GetHCLKFreq
 .text.HAL_RCC_GetPCLK1Freq
                0x0000000008005020       0x44 ./Drivers/STM32F3xx_HAL_Driver/Src/stm32f3xx_hal_rcc.o
                0x0000000008005020                HAL_RCC_GetPCLK1Freq
 .text.HAL_RCC_GetPCLK2Freq
                0x0000000008005064       0x44 ./Drivers/STM32F3xx_HAL_Driver/Src/stm32f3xx_hal_rcc.o
                0x0000000008005064                HAL_RCC_GetPCLK2Freq
 .text.HAL_RCCEx_PeriphCLKConfig
                0x00000000080050a8      0x24c ./Drivers/STM32F3xx_HAL_Driver/Src/stm32f3xx_hal_rcc_ex.o
                0x00000000080050a8                HAL_RCCEx_PeriphCLKConfig
 .text.HAL_UART_Init
                0x00000000080052f4       0x9c ./Drivers/STM32F3xx_HAL_Driver/Src/stm32f3xx_hal_uart.o
                0x00000000080052f4                HAL_UART_Init
 .text.HAL_UART_Transmit
                0x0000000008005390      0x114 ./Drivers/STM32F3xx_HAL_Driver/Src/stm32f3xx_hal_uart.o
                0x0000000008005390                HAL_UART_Transmit
 .text.UART_SetConfig
                0x00000000080054a4      0x26c ./Drivers/STM32F3xx_HAL_Driver/Src/stm32f3xx_hal_uart.o
                0x00000000080054a4                UART_SetConfig
 .text.UART_AdvFeatureConfig
                0x0000000008005710      0x144 ./Drivers/STM32F3xx_HAL_Driver/Src/stm32f3xx_hal_uart.o
                0x0000000008005710                UART_AdvFeatureConfig
 .text.UART_CheckIdleState
                0x0000000008005854      0x150 ./Drivers/STM32F3xx_HAL_Driver/Src/stm32f3xx_hal_uart.o
                0x0000000008005854                UART_CheckIdleState
 .text.UART_WaitOnFlagUntilTimeout
                0x00000000080059a4       0xce ./Drivers/STM32F3xx_HAL_Driver/Src/stm32f3xx_hal_uart.o
                0x00000000080059a4                UART_WaitOnFlagUntilTimeout
 .text.UART_EndRxTransfer
                0x0000000008005a72       0xc8 ./Drivers/STM32F3xx_HAL_Driver/Src/stm32f3xx_hal_uart.o
 *fill*         0x0000000008005b3a        0x2 
 .text.__errno  0x0000000008005b3c        0xc /opt/st/stm32cubeide_1.12.0/plugins/com.st.stm32cube.ide.mcu.externaltools.gnu-tools-for-stm32.10.3-2021.10.linux64_1.0.200.202301161003/tools/bin/../lib/gcc/arm-none-eabi/10.3.1/../../../../arm-none-eabi/lib/thumb/v7e-m+fp/hard/libc_nano.a(lib_a-errno.o)
                0x0000000008005b3c                __errno
 .text.__libc_init_array
                0x0000000008005b48       0x48 /opt/st/stm32cubeide_1.12.0/plugins/com.st.stm32cube.ide.mcu.externaltools.gnu-tools-for-stm32.10.3-2021.10.linux64_1.0.200.202301161003/tools/bin/../lib/gcc/arm-none-eabi/10.3.1/../../../../arm-none-eabi/lib/thumb/v7e-m+fp/hard/libc_nano.a(lib_a-init.o)
                0x0000000008005b48                __libc_init_array
 .text.memset   0x0000000008005b90       0x10 /opt/st/stm32cubeide_1.12.0/plugins/com.st.stm32cube.ide.mcu.externaltools.gnu-tools-for-stm32.10.3-2021.10.linux64_1.0.200.202301161003/tools/bin/../lib/gcc/arm-none-eabi/10.3.1/../../../../arm-none-eabi/lib/thumb/v7e-m+fp/hard/libc_nano.a(lib_a-memset.o)
                0x0000000008005b90                memset
 .text.printf   0x0000000008005ba0       0x30 /opt/st/stm32cubeide_1.12.0/plugins/com.st.stm32cube.ide.mcu.externaltools.gnu-tools-for-stm32.10.3-2021.10.linux64_1.0.200.202301161003/tools/bin/../lib/gcc/arm-none-eabi/10.3.1/../../../../arm-none-eabi/lib/thumb/v7e-m+fp/hard/libc_nano.a(lib_a-printf.o)
                0x0000000008005ba0                printf
                0x0000000008005ba0                iprintf
 .text._puts_r  0x0000000008005bd0       0xdc /opt/st/stm32cubeide_1.12.0/plugins/com.st.stm32cube.ide.mcu.externaltools.gnu-tools-for-stm32.10.3-2021.10.linux64_1.0.200.202301161003/tools/bin/../lib/gcc/arm-none-eabi/10.3.1/../../../../arm-none-eabi/lib/thumb/v7e-m+fp/hard/libc_nano.a(lib_a-puts.o)
                0x0000000008005bd0                _puts_r
 .text.puts     0x0000000008005cac       0x10 /opt/st/stm32cubeide_1.12.0/plugins/com.st.stm32cube.ide.mcu.externaltools.gnu-tools-for-stm32.10.3-2021.10.linux64_1.0.200.202301161003/tools/bin/../lib/gcc/arm-none-eabi/10.3.1/../../../../arm-none-eabi/lib/thumb/v7e-m+fp/hard/libc_nano.a(lib_a-puts.o)
                0x0000000008005cac                puts
 .text.setbuf   0x0000000008005cbc       0x10 /opt/st/stm32cubeide_1.12.0/plugins/com.st.stm32cube.ide.mcu.externaltools.gnu-tools-for-stm32.10.3-2021.10.linux64_1.0.200.202301161003/tools/bin/../lib/gcc/arm-none-eabi/10.3.1/../../../../arm-none-eabi/lib/thumb/v7e-m+fp/hard/libc_nano.a(lib_a-setbuf.o)
                0x0000000008005cbc                setbuf
 .text.setvbuf  0x0000000008005ccc      0x18c /opt/st/stm32cubeide_1.12.0/plugins/com.st.stm32cube.ide.mcu.externaltools.gnu-tools-for-stm32.10.3-2021.10.linux64_1.0.200.202301161003/tools/bin/../lib/gcc/arm-none-eabi/10.3.1/../../../../arm-none-eabi/lib/thumb/v7e-m+fp/hard/libc_nano.a(lib_a-setvbuf.o)
                0x0000000008005ccc                setvbuf
 .text.__swbuf_r
                0x0000000008005e58       0xa4 /opt/st/stm32cubeide_1.12.0/plugins/com.st.stm32cube.ide.mcu.externaltools.gnu-tools-for-stm32.10.3-2021.10.linux64_1.0.200.202301161003/tools/bin/../lib/gcc/arm-none-eabi/10.3.1/../../../../arm-none-eabi/lib/thumb/v7e-m+fp/hard/libc_nano.a(lib_a-wbuf.o)
                0x0000000008005e58                __swbuf_r
 .text.__swsetup_r
                0x0000000008005efc       0xdc /opt/st/stm32cubeide_1.12.0/plugins/com.st.stm32cube.ide.mcu.externaltools.gnu-tools-for-stm32.10.3-2021.10.linux64_1.0.200.202301161003/tools/bin/../lib/gcc/arm-none-eabi/10.3.1/../../../../arm-none-eabi/lib/thumb/v7e-m+fp/hard/libc_nano.a(lib_a-wsetup.o)
                0x0000000008005efc                __swsetup_r
 .text.__sflush_r
                0x0000000008005fd8      0x10c /opt/st/stm32cubeide_1.12.0/plugins/com.st.stm32cube.ide.mcu.externaltools.gnu-tools-for-stm32.10.3-2021.10.linux64_1.0.200.202301161003/tools/bin/../lib/gcc/arm-none-eabi/10.3.1/../../../../arm-none-eabi/lib/thumb/v7e-m+fp/hard/libc_nano.a(lib_a-fflush.o)
                0x0000000008005fd8                __sflush_r
 .text._fflush_r
                0x00000000080060e4       0x78 /opt/st/stm32cubeide_1.12.0/plugins/com.st.stm32cube.ide.mcu.externaltools.gnu-tools-for-stm32.10.3-2021.10.linux64_1.0.200.202301161003/tools/bin/../lib/gcc/arm-none-eabi/10.3.1/../../../../arm-none-eabi/lib/thumb/v7e-m+fp/hard/libc_nano.a(lib_a-fflush.o)
                0x00000000080060e4                _fflush_r
 .text.std      0x000000000800615c       0x48 /opt/st/stm32cubeide_1.12.0/plugins/com.st.stm32cube.ide.mcu.externaltools.gnu-tools-for-stm32.10.3-2021.10.linux64_1.0.200.202301161003/tools/bin/../lib/gcc/arm-none-eabi/10.3.1/../../../../arm-none-eabi/lib/thumb/v7e-m+fp/hard/libc_nano.a(lib_a-findfp.o)
 .text._cleanup_r
                0x00000000080061a4        0xc /opt/st/stm32cubeide_1.12.0/plugins/com.st.stm32cube.ide.mcu.externaltools.gnu-tools-for-stm32.10.3-2021.10.linux64_1.0.200.202301161003/tools/bin/../lib/gcc/arm-none-eabi/10.3.1/../../../../arm-none-eabi/lib/thumb/v7e-m+fp/hard/libc_nano.a(lib_a-findfp.o)
                0x00000000080061a4                _cleanup_r
 .text.__sfmoreglue
                0x00000000080061b0       0x2c /opt/st/stm32cubeide_1.12.0/plugins/com.st.stm32cube.ide.mcu.externaltools.gnu-tools-for-stm32.10.3-2021.10.linux64_1.0.200.202301161003/tools/bin/../lib/gcc/arm-none-eabi/10.3.1/../../../../arm-none-eabi/lib/thumb/v7e-m+fp/hard/libc_nano.a(lib_a-findfp.o)
                0x00000000080061b0                __sfmoreglue
 .text.__sfp_lock_acquire
                0x00000000080061dc        0xc /opt/st/stm32cubeide_1.12.0/plugins/com.st.stm32cube.ide.mcu.externaltools.gnu-tools-for-stm32.10.3-2021.10.linux64_1.0.200.202301161003/tools/bin/../lib/gcc/arm-none-eabi/10.3.1/../../../../arm-none-eabi/lib/thumb/v7e-m+fp/hard/libc_nano.a(lib_a-findfp.o)
                0x00000000080061dc                __sfp_lock_acquire
 .text.__sfp_lock_release
                0x00000000080061e8        0xc /opt/st/stm32cubeide_1.12.0/plugins/com.st.stm32cube.ide.mcu.externaltools.gnu-tools-for-stm32.10.3-2021.10.linux64_1.0.200.202301161003/tools/bin/../lib/gcc/arm-none-eabi/10.3.1/../../../../arm-none-eabi/lib/thumb/v7e-m+fp/hard/libc_nano.a(lib_a-findfp.o)
                0x00000000080061e8                __sfp_lock_release
 .text.__sinit_lock_acquire
                0x00000000080061f4        0xc /opt/st/stm32cubeide_1.12.0/plugins/com.st.stm32cube.ide.mcu.externaltools.gnu-tools-for-stm32.10.3-2021.10.linux64_1.0.200.202301161003/tools/bin/../lib/gcc/arm-none-eabi/10.3.1/../../../../arm-none-eabi/lib/thumb/v7e-m+fp/hard/libc_nano.a(lib_a-findfp.o)
                0x00000000080061f4                __sinit_lock_acquire
 .text.__sinit_lock_release
                0x0000000008006200        0xc /opt/st/stm32cubeide_1.12.0/plugins/com.st.stm32cube.ide.mcu.externaltools.gnu-tools-for-stm32.10.3-2021.10.linux64_1.0.200.202301161003/tools/bin/../lib/gcc/arm-none-eabi/10.3.1/../../../../arm-none-eabi/lib/thumb/v7e-m+fp/hard/libc_nano.a(lib_a-findfp.o)
                0x0000000008006200                __sinit_lock_release
 .text.__sinit  0x000000000800620c       0x70 /opt/st/stm32cubeide_1.12.0/plugins/com.st.stm32cube.ide.mcu.externaltools.gnu-tools-for-stm32.10.3-2021.10.linux64_1.0.200.202301161003/tools/bin/../lib/gcc/arm-none-eabi/10.3.1/../../../../arm-none-eabi/lib/thumb/v7e-m+fp/hard/libc_nano.a(lib_a-findfp.o)
                0x000000000800620c                __sinit
 .text.__sfp    0x000000000800627c       0x8c /opt/st/stm32cubeide_1.12.0/plugins/com.st.stm32cube.ide.mcu.externaltools.gnu-tools-for-stm32.10.3-2021.10.linux64_1.0.200.202301161003/tools/bin/../lib/gcc/arm-none-eabi/10.3.1/../../../../arm-none-eabi/lib/thumb/v7e-m+fp/hard/libc_nano.a(lib_a-findfp.o)
                0x000000000800627c                __sfp
 .text._fwalk_reent
                0x0000000008006308       0x3e /opt/st/stm32cubeide_1.12.0/plugins/com.st.stm32cube.ide.mcu.externaltools.gnu-tools-for-stm32.10.3-2021.10.linux64_1.0.200.202301161003/tools/bin/../lib/gcc/arm-none-eabi/10.3.1/../../../../arm-none-eabi/lib/thumb/v7e-m+fp/hard/libc_nano.a(lib_a-fwalk.o)
                0x0000000008006308                _fwalk_reent
 .text.__retarget_lock_init_recursive
                0x0000000008006346        0x2 /opt/st/stm32cubeide_1.12.0/plugins/com.st.stm32cube.ide.mcu.externaltools.gnu-tools-for-stm32.10.3-2021.10.linux64_1.0.200.202301161003/tools/bin/../lib/gcc/arm-none-eabi/10.3.1/../../../../arm-none-eabi/lib/thumb/v7e-m+fp/hard/libc_nano.a(lib_a-lock.o)
                0x0000000008006346                __retarget_lock_init_recursive
 .text.__retarget_lock_acquire_recursive
                0x0000000008006348        0x2 /opt/st/stm32cubeide_1.12.0/plugins/com.st.stm32cube.ide.mcu.externaltools.gnu-tools-for-stm32.10.3-2021.10.linux64_1.0.200.202301161003/tools/bin/../lib/gcc/arm-none-eabi/10.3.1/../../../../arm-none-eabi/lib/thumb/v7e-m+fp/hard/libc_nano.a(lib_a-lock.o)
                0x0000000008006348                __retarget_lock_acquire_recursive
 .text.__retarget_lock_release_recursive
                0x000000000800634a        0x2 /opt/st/stm32cubeide_1.12.0/plugins/com.st.stm32cube.ide.mcu.externaltools.gnu-tools-for-stm32.10.3-2021.10.linux64_1.0.200.202301161003/tools/bin/../lib/gcc/arm-none-eabi/10.3.1/../../../../arm-none-eabi/lib/thumb/v7e-m+fp/hard/libc_nano.a(lib_a-lock.o)
                0x000000000800634a                __retarget_lock_release_recursive
 .text.__swhatbuf_r
                0x000000000800634c       0x4a /opt/st/stm32cubeide_1.12.0/plugins/com.st.stm32cube.ide.mcu.externaltools.gnu-tools-for-stm32.10.3-2021.10.linux64_1.0.200.202301161003/tools/bin/../lib/gcc/arm-none-eabi/10.3.1/../../../../arm-none-eabi/lib/thumb/v7e-m+fp/hard/libc_nano.a(lib_a-makebuf.o)
                0x000000000800634c                __swhatbuf_r
 *fill*         0x0000000008006396        0x2 
 .text.__smakebuf_r
                0x0000000008006398       0x80 /opt/st/stm32cubeide_1.12.0/plugins/com.st.stm32cube.ide.mcu.externaltools.gnu-tools-for-stm32.10.3-2021.10.linux64_1.0.200.202301161003/tools/bin/../lib/gcc/arm-none-eabi/10.3.1/../../../../arm-none-eabi/lib/thumb/v7e-m+fp/hard/libc_nano.a(lib_a-makebuf.o)
                0x0000000008006398                __smakebuf_r
 .text.malloc   0x0000000008006418       0x10 /opt/st/stm32cubeide_1.12.0/plugins/com.st.stm32cube.ide.mcu.externaltools.gnu-tools-for-stm32.10.3-2021.10.linux64_1.0.200.202301161003/tools/bin/../lib/gcc/arm-none-eabi/10.3.1/../../../../arm-none-eabi/lib/thumb/v7e-m+fp/hard/libc_nano.a(lib_a-malloc.o)
                0x0000000008006418                malloc
 .text._free_r  0x0000000008006428       0x98 /opt/st/stm32cubeide_1.12.0/plugins/com.st.stm32cube.ide.mcu.externaltools.gnu-tools-for-stm32.10.3-2021.10.linux64_1.0.200.202301161003/tools/bin/../lib/gcc/arm-none-eabi/10.3.1/../../../../arm-none-eabi/lib/thumb/v7e-m+fp/hard/libc_nano.a(lib_a-nano-freer.o)
                0x0000000008006428                _free_r
 .text.sbrk_aligned
                0x00000000080064c0       0x40 /opt/st/stm32cubeide_1.12.0/plugins/com.st.stm32cube.ide.mcu.externaltools.gnu-tools-for-stm32.10.3-2021.10.linux64_1.0.200.202301161003/tools/bin/../lib/gcc/arm-none-eabi/10.3.1/../../../../arm-none-eabi/lib/thumb/v7e-m+fp/hard/libc_nano.a(lib_a-nano-mallocr.o)
 .text._malloc_r
                0x0000000008006500       0xe8 /opt/st/stm32cubeide_1.12.0/plugins/com.st.stm32cube.ide.mcu.externaltools.gnu-tools-for-stm32.10.3-2021.10.linux64_1.0.200.202301161003/tools/bin/../lib/gcc/arm-none-eabi/10.3.1/../../../../arm-none-eabi/lib/thumb/v7e-m+fp/hard/libc_nano.a(lib_a-nano-mallocr.o)
                0x0000000008006500                _malloc_r
 .text.__sfputc_r
                0x00000000080065e8       0x2e /opt/st/stm32cubeide_1.12.0/plugins/com.st.stm32cube.ide.mcu.externaltools.gnu-tools-for-stm32.10.3-2021.10.linux64_1.0.200.202301161003/tools/bin/../lib/gcc/arm-none-eabi/10.3.1/../../../../arm-none-eabi/lib/thumb/v7e-m+fp/hard/libc_nano.a(lib_a-nano-vfprintf.o)
 .text.__sfputs_r
                0x0000000008006616       0x24 /opt/st/stm32cubeide_1.12.0/plugins/com.st.stm32cube.ide.mcu.externaltools.gnu-tools-for-stm32.10.3-2021.10.linux64_1.0.200.202301161003/tools/bin/../lib/gcc/arm-none-eabi/10.3.1/../../../../arm-none-eabi/lib/thumb/v7e-m+fp/hard/libc_nano.a(lib_a-nano-vfprintf.o)
                0x0000000008006616                __sfputs_r
 *fill*         0x000000000800663a        0x2 
 .text._vfprintf_r
                0x000000000800663c      0x260 /opt/st/stm32cubeide_1.12.0/plugins/com.st.stm32cube.ide.mcu.externaltools.gnu-tools-for-stm32.10.3-2021.10.linux64_1.0.200.202301161003/tools/bin/../lib/gcc/arm-none-eabi/10.3.1/../../../../arm-none-eabi/lib/thumb/v7e-m+fp/hard/libc_nano.a(lib_a-nano-vfprintf.o)
                0x000000000800663c                _vfiprintf_r
                0x000000000800663c                _vfprintf_r
 .text._printf_common
                0x000000000800689c       0xda /opt/st/stm32cubeide_1.12.0/plugins/com.st.stm32cube.ide.mcu.externaltools.gnu-tools-for-stm32.10.3-2021.10.linux64_1.0.200.202301161003/tools/bin/../lib/gcc/arm-none-eabi/10.3.1/../../../../arm-none-eabi/lib/thumb/v7e-m+fp/hard/libc_nano.a(lib_a-nano-vfprintf_i.o)
                0x000000000800689c                _printf_common
 *fill*         0x0000000008006976        0x2 
 .text._printf_i
                0x0000000008006978      0x24c /opt/st/stm32cubeide_1.12.0/plugins/com.st.stm32cube.ide.mcu.externaltools.gnu-tools-for-stm32.10.3-2021.10.linux64_1.0.200.202301161003/tools/bin/../lib/gcc/arm-none-eabi/10.3.1/../../../../arm-none-eabi/lib/thumb/v7e-m+fp/hard/libc_nano.a(lib_a-nano-vfprintf_i.o)
                0x0000000008006978                _printf_i
 .text._sbrk_r  0x0000000008006bc4       0x20 /opt/st/stm32cubeide_1.12.0/plugins/com.st.stm32cube.ide.mcu.externaltools.gnu-tools-for-stm32.10.3-2021.10.linux64_1.0.200.202301161003/tools/bin/../lib/gcc/arm-none-eabi/10.3.1/../../../../arm-none-eabi/lib/thumb/v7e-m+fp/hard/libc_nano.a(lib_a-sbrkr.o)
                0x0000000008006bc4                _sbrk_r
 .text.__sread  0x0000000008006be4       0x22 /opt/st/stm32cubeide_1.12.0/plugins/com.st.stm32cube.ide.mcu.externaltools.gnu-tools-for-stm32.10.3-2021.10.linux64_1.0.200.202301161003/tools/bin/../lib/gcc/arm-none-eabi/10.3.1/../../../../arm-none-eabi/lib/thumb/v7e-m+fp/hard/libc_nano.a(lib_a-stdio.o)
                0x0000000008006be4                __sread
 .text.__swrite
                0x0000000008006c06       0x38 /opt/st/stm32cubeide_1.12.0/plugins/com.st.stm32cube.ide.mcu.externaltools.gnu-tools-for-stm32.10.3-2021.10.linux64_1.0.200.202301161003/tools/bin/../lib/gcc/arm-none-eabi/10.3.1/../../../../arm-none-eabi/lib/thumb/v7e-m+fp/hard/libc_nano.a(lib_a-stdio.o)
                0x0000000008006c06                __swrite
 .text.__sseek  0x0000000008006c3e       0x24 /opt/st/stm32cubeide_1.12.0/plugins/com.st.stm32cube.ide.mcu.externaltools.gnu-tools-for-stm32.10.3-2021.10.linux64_1.0.200.202301161003/tools/bin/../lib/gcc/arm-none-eabi/10.3.1/../../../../arm-none-eabi/lib/thumb/v7e-m+fp/hard/libc_nano.a(lib_a-stdio.o)
                0x0000000008006c3e                __sseek
 .text.__sclose
                0x0000000008006c62        0x8 /opt/st/stm32cubeide_1.12.0/plugins/com.st.stm32cube.ide.mcu.externaltools.gnu-tools-for-stm32.10.3-2021.10.linux64_1.0.200.202301161003/tools/bin/../lib/gcc/arm-none-eabi/10.3.1/../../../../arm-none-eabi/lib/thumb/v7e-m+fp/hard/libc_nano.a(lib_a-stdio.o)
                0x0000000008006c62                __sclose
 *fill*         0x0000000008006c6a        0x2 
 .text._write_r
                0x0000000008006c6c       0x24 /opt/st/stm32cubeide_1.12.0/plugins/com.st.stm32cube.ide.mcu.externaltools.gnu-tools-for-stm32.10.3-2021.10.linux64_1.0.200.202301161003/tools/bin/../lib/gcc/arm-none-eabi/10.3.1/../../../../arm-none-eabi/lib/thumb/v7e-m+fp/hard/libc_nano.a(lib_a-writer.o)
                0x0000000008006c6c                _write_r
 .text._close_r
                0x0000000008006c90       0x20 /opt/st/stm32cubeide_1.12.0/plugins/com.st.stm32cube.ide.mcu.externaltools.gnu-tools-for-stm32.10.3-2021.10.linux64_1.0.200.202301161003/tools/bin/../lib/gcc/arm-none-eabi/10.3.1/../../../../arm-none-eabi/lib/thumb/v7e-m+fp/hard/libc_nano.a(lib_a-closer.o)
                0x0000000008006c90                _close_r
 .text._fstat_r
                0x0000000008006cb0       0x24 /opt/st/stm32cubeide_1.12.0/plugins/com.st.stm32cube.ide.mcu.externaltools.gnu-tools-for-stm32.10.3-2021.10.linux64_1.0.200.202301161003/tools/bin/../lib/gcc/arm-none-eabi/10.3.1/../../../../arm-none-eabi/lib/thumb/v7e-m+fp/hard/libc_nano.a(lib_a-fstatr.o)
                0x0000000008006cb0                _fstat_r
 .text._isatty_r
                0x0000000008006cd4       0x20 /opt/st/stm32cubeide_1.12.0/plugins/com.st.stm32cube.ide.mcu.externaltools.gnu-tools-for-stm32.10.3-2021.10.linux64_1.0.200.202301161003/tools/bin/../lib/gcc/arm-none-eabi/10.3.1/../../../../arm-none-eabi/lib/thumb/v7e-m+fp/hard/libc_nano.a(lib_a-isattyr.o)
                0x0000000008006cd4                _isatty_r
 .text._lseek_r
                0x0000000008006cf4       0x24 /opt/st/stm32cubeide_1.12.0/plugins/com.st.stm32cube.ide.mcu.externaltools.gnu-tools-for-stm32.10.3-2021.10.linux64_1.0.200.202301161003/tools/bin/../lib/gcc/arm-none-eabi/10.3.1/../../../../arm-none-eabi/lib/thumb/v7e-m+fp/hard/libc_nano.a(lib_a-lseekr.o)
                0x0000000008006cf4                _lseek_r
 .text.__malloc_lock
                0x0000000008006d18        0xc /opt/st/stm32cubeide_1.12.0/plugins/com.st.stm32cube.ide.mcu.externaltools.gnu-tools-for-stm32.10.3-2021.10.linux64_1.0.200.202301161003/tools/bin/../lib/gcc/arm-none-eabi/10.3.1/../../../../arm-none-eabi/lib/thumb/v7e-m+fp/hard/libc_nano.a(lib_a-mlock.o)
                0x0000000008006d18                __malloc_lock
 .text.__malloc_unlock
                0x0000000008006d24        0xc /opt/st/stm32cubeide_1.12.0/plugins/com.st.stm32cube.ide.mcu.externaltools.gnu-tools-for-stm32.10.3-2021.10.linux64_1.0.200.202301161003/tools/bin/../lib/gcc/arm-none-eabi/10.3.1/../../../../arm-none-eabi/lib/thumb/v7e-m+fp/hard/libc_nano.a(lib_a-mlock.o)
                0x0000000008006d24                __malloc_unlock
 .text._read_r  0x0000000008006d30       0x24 /opt/st/stm32cubeide_1.12.0/plugins/com.st.stm32cube.ide.mcu.externaltools.gnu-tools-for-stm32.10.3-2021.10.linux64_1.0.200.202301161003/tools/bin/../lib/gcc/arm-none-eabi/10.3.1/../../../../arm-none-eabi/lib/thumb/v7e-m+fp/hard/libc_nano.a(lib_a-readr.o)
                0x0000000008006d30                _read_r
 *(.glue_7)
 .glue_7        0x0000000008006d54        0x0 linker stubs
 *(.glue_7t)
 .glue_7t       0x0000000008006d54        0x0 linker stubs
 *(.eh_frame)
 .eh_frame      0x0000000008006d54        0x0 /opt/st/stm32cubeide_1.12.0/plugins/com.st.stm32cube.ide.mcu.externaltools.gnu-tools-for-stm32.10.3-2021.10.linux64_1.0.200.202301161003/tools/bin/../lib/gcc/arm-none-eabi/10.3.1/thumb/v7e-m+fp/hard/crtbegin.o
 *(.init)
 .init          0x0000000008006d54        0x4 /opt/st/stm32cubeide_1.12.0/plugins/com.st.stm32cube.ide.mcu.externaltools.gnu-tools-for-stm32.10.3-2021.10.linux64_1.0.200.202301161003/tools/bin/../lib/gcc/arm-none-eabi/10.3.1/thumb/v7e-m+fp/hard/crti.o
                0x0000000008006d54                _init
 .init          0x0000000008006d58        0x8 /opt/st/stm32cubeide_1.12.0/plugins/com.st.stm32cube.ide.mcu.externaltools.gnu-tools-for-stm32.10.3-2021.10.linux64_1.0.200.202301161003/tools/bin/../lib/gcc/arm-none-eabi/10.3.1/thumb/v7e-m+fp/hard/crtn.o
 *(.fini)
 .fini          0x0000000008006d60        0x4 /opt/st/stm32cubeide_1.12.0/plugins/com.st.stm32cube.ide.mcu.externaltools.gnu-tools-for-stm32.10.3-2021.10.linux64_1.0.200.202301161003/tools/bin/../lib/gcc/arm-none-eabi/10.3.1/thumb/v7e-m+fp/hard/crti.o
                0x0000000008006d60                _fini
 .fini          0x0000000008006d64        0x8 /opt/st/stm32cubeide_1.12.0/plugins/com.st.stm32cube.ide.mcu.externaltools.gnu-tools-for-stm32.10.3-2021.10.linux64_1.0.200.202301161003/tools/bin/../lib/gcc/arm-none-eabi/10.3.1/thumb/v7e-m+fp/hard/crtn.o
                0x0000000008006d6c                . = ALIGN (0x4)
                0x0000000008006d6c                _etext = .

.vfp11_veneer   0x0000000008006d6c        0x0
 .vfp11_veneer  0x0000000008006d6c        0x0 linker stubs

.v4_bx          0x0000000008006d6c        0x0
 .v4_bx         0x0000000008006d6c        0x0 linker stubs

.iplt           0x0000000008006d6c        0x0
 .iplt          0x0000000008006d6c        0x0 /opt/st/stm32cubeide_1.12.0/plugins/com.st.stm32cube.ide.mcu.externaltools.gnu-tools-for-stm32.10.3-2021.10.linux64_1.0.200.202301161003/tools/bin/../lib/gcc/arm-none-eabi/10.3.1/thumb/v7e-m+fp/hard/crtbegin.o

.rodata         0x0000000008006d6c      0x1dc
                0x0000000008006d6c                . = ALIGN (0x4)
 *(.rodata)
 .rodata        0x0000000008006d6c       0x98 ./Core/Src/main.o
 *(.rodata*)
 .rodata.AHBPrescTable
                0x0000000008006e04       0x10 ./Core/Src/system_stm32f3xx.o
                0x0000000008006e04                AHBPrescTable
 .rodata.APBPrescTable
                0x0000000008006e14        0x8 ./Core/Src/system_stm32f3xx.o
                0x0000000008006e14                APBPrescTable
 .rodata.ScalerLookUP
                0x0000000008006e1c        0x6 ./Core/Src/vl6180x_api.o
 *fill*         0x0000000008006e22        0x2 
 .rodata.UpperLimitLookUP
                0x0000000008006e24        0x6 ./Core/Src/vl6180x_api.o
 *fill*         0x0000000008006e2a        0x2 
 .rodata.WrapAroundLowReturnRateLimit_ROM.27
                0x0000000008006e2c        0x4 ./Core/Src/vl6180x_api.o
 .rodata.WrapAroundLowReturnRateLimit2_ROM.26
                0x0000000008006e30        0x4 ./Core/Src/vl6180x_api.o
 .rodata.WrapAroundLowReturnRateFilterLimit_ROM.25
                0x0000000008006e34        0x4 ./Core/Src/vl6180x_api.o
 .rodata.WrapAroundHighReturnRateFilterLimit_ROM.24
                0x0000000008006e38        0x4 ./Core/Src/vl6180x_api.o
 .rodata.WrapAroundLowRawRangeLimit.23
                0x0000000008006e3c        0x2 ./Core/Src/vl6180x_api.o
 .rodata.WrapAroundLowRawRangeLimit2.22
                0x0000000008006e3e        0x2 ./Core/Src/vl6180x_api.o
 .rodata.WrapAroundLowRawRangeLimit2SuspicuousAddedSignalRate.21
                0x0000000008006e40        0x4 ./Core/Src/vl6180x_api.o
 .rodata.WrapAroundMaximumAmbientRateFilterLimit.20
                0x0000000008006e44        0x4 ./Core/Src/vl6180x_api.o
 .rodata.MinReturnRateFilterFlush.19
                0x0000000008006e48        0x4 ./Core/Src/vl6180x_api.o
 .rodata.MaxReturnRateChangeFilterFlush.18
                0x0000000008006e4c        0x4 ./Core/Src/vl6180x_api.o
 .rodata.WrapAroundHighRawRangeFilterLimit.17
                0x0000000008006e50        0x2 ./Core/Src/vl6180x_api.o
 .rodata.WrapAroundNoDelayCheckPeriod.16
                0x0000000008006e52        0x2 ./Core/Src/vl6180x_api.o
 .rodata.MAX_VAVGDiff_ROM.15
                0x0000000008006e54        0x4 ./Core/Src/vl6180x_api.o
 .rodata.SuspicuousMAX_VAVGDiffRatio.14
                0x0000000008006e58        0x4 ./Core/Src/vl6180x_api.o
 .rodata.StdDevLimitLowLight.13
                0x0000000008006e5c        0x4 ./Core/Src/vl6180x_api.o
 .rodata.StdDevLimitLowLightSNR.12
                0x0000000008006e60        0x4 ./Core/Src/vl6180x_api.o
 .rodata.StdDevLimitHighLight.11
                0x0000000008006e64        0x4 ./Core/Src/vl6180x_api.o
 .rodata.StdDevLimitHighLightSNR.10
                0x0000000008006e68        0x4 ./Core/Src/vl6180x_api.o
 .rodata.StdDevMovingTargetStdDevLimit.9
                0x0000000008006e6c        0x4 ./Core/Src/vl6180x_api.o
 .rodata.StdDevMovingTargetReturnRateLimit.8
                0x0000000008006e70        0x4 ./Core/Src/vl6180x_api.o
 .rodata.StdDevMovingTargetStdDevForReturnRateLimit.7
                0x0000000008006e74        0x4 ./Core/Src/vl6180x_api.o
 .rodata.StdDevNoWrapDetectedMultiplier.6
                0x0000000008006e78        0x4 ./Core/Src/vl6180x_api.o
 .rodata.StdDevHighConfidenceSNRLimit.5
                0x0000000008006e7c        0x4 ./Core/Src/vl6180x_api.o
 .rodata.StdFilteredReadsIncrement.4
                0x0000000008006e80        0x2 ./Core/Src/vl6180x_api.o
 .rodata.StdMaxFilteredReads.3
                0x0000000008006e82        0x2 ./Core/Src/vl6180x_api.o
 .rodata.StdFilteredReadsDecrement.2
                0x0000000008006e84        0x2 ./Core/Src/vl6180x_api.o
 *fill*         0x0000000008006e86        0x2 
 .rodata.MaxConvTimeAdjust.1
                0x0000000008006e88        0x4 ./Core/Src/vl6180x_api.o
 .rodata.rtnAmbLowLimit_KCps.0
                0x0000000008006e8c        0x4 ./Core/Src/vl6180x_api.o
 .rodata.aPLLMULFactorTable
                0x0000000008006e90       0x10 ./Drivers/STM32F3xx_HAL_Driver/Src/stm32f3xx_hal_rcc.o
 .rodata.aPredivFactorTable
                0x0000000008006ea0       0x10 ./Drivers/STM32F3xx_HAL_Driver/Src/stm32f3xx_hal_rcc.o
 .rodata._global_impure_ptr
                0x0000000008006eb0        0x4 /opt/st/stm32cubeide_1.12.0/plugins/com.st.stm32cube.ide.mcu.externaltools.gnu-tools-for-stm32.10.3-2021.10.linux64_1.0.200.202301161003/tools/bin/../lib/gcc/arm-none-eabi/10.3.1/../../../../arm-none-eabi/lib/thumb/v7e-m+fp/hard/libc_nano.a(lib_a-impure.o)
                0x0000000008006eb0                _global_impure_ptr
 .rodata.__sf_fake_stderr
                0x0000000008006eb4       0x20 /opt/st/stm32cubeide_1.12.0/plugins/com.st.stm32cube.ide.mcu.externaltools.gnu-tools-for-stm32.10.3-2021.10.linux64_1.0.200.202301161003/tools/bin/../lib/gcc/arm-none-eabi/10.3.1/../../../../arm-none-eabi/lib/thumb/v7e-m+fp/hard/libc_nano.a(lib_a-findfp.o)
                0x0000000008006eb4                __sf_fake_stderr
 .rodata.__sf_fake_stdin
                0x0000000008006ed4       0x20 /opt/st/stm32cubeide_1.12.0/plugins/com.st.stm32cube.ide.mcu.externaltools.gnu-tools-for-stm32.10.3-2021.10.linux64_1.0.200.202301161003/tools/bin/../lib/gcc/arm-none-eabi/10.3.1/../../../../arm-none-eabi/lib/thumb/v7e-m+fp/hard/libc_nano.a(lib_a-findfp.o)
                0x0000000008006ed4                __sf_fake_stdin
 .rodata.__sf_fake_stdout
                0x0000000008006ef4       0x20 /opt/st/stm32cubeide_1.12.0/plugins/com.st.stm32cube.ide.mcu.externaltools.gnu-tools-for-stm32.10.3-2021.10.linux64_1.0.200.202301161003/tools/bin/../lib/gcc/arm-none-eabi/10.3.1/../../../../arm-none-eabi/lib/thumb/v7e-m+fp/hard/libc_nano.a(lib_a-findfp.o)
                0x0000000008006ef4                __sf_fake_stdout
 .rodata._vfprintf_r.str1.1
                0x0000000008006f14       0x11 /opt/st/stm32cubeide_1.12.0/plugins/com.st.stm32cube.ide.mcu.externaltools.gnu-tools-for-stm32.10.3-2021.10.linux64_1.0.200.202301161003/tools/bin/../lib/gcc/arm-none-eabi/10.3.1/../../../../arm-none-eabi/lib/thumb/v7e-m+fp/hard/libc_nano.a(lib_a-nano-vfprintf.o)
 .rodata._printf_i.str1.1
                0x0000000008006f25       0x22 /opt/st/stm32cubeide_1.12.0/plugins/com.st.stm32cube.ide.mcu.externaltools.gnu-tools-for-stm32.10.3-2021.10.linux64_1.0.200.202301161003/tools/bin/../lib/gcc/arm-none-eabi/10.3.1/../../../../arm-none-eabi/lib/thumb/v7e-m+fp/hard/libc_nano.a(lib_a-nano-vfprintf_i.o)
                0x0000000008006f48                . = ALIGN (0x4)
 *fill*         0x0000000008006f47        0x1 

.rel.dyn        0x0000000008006f48        0x0
 .rel.iplt      0x0000000008006f48        0x0 /opt/st/stm32cubeide_1.12.0/plugins/com.st.stm32cube.ide.mcu.externaltools.gnu-tools-for-stm32.10.3-2021.10.linux64_1.0.200.202301161003/tools/bin/../lib/gcc/arm-none-eabi/10.3.1/thumb/v7e-m+fp/hard/crtbegin.o

.ARM.extab      0x0000000008006f48        0x0
                0x0000000008006f48                . = ALIGN (0x4)
 *(.ARM.extab* .gnu.linkonce.armextab.*)
                0x0000000008006f48                . = ALIGN (0x4)

.ARM            0x0000000008006f48        0x0
                0x0000000008006f48                . = ALIGN (0x4)
                0x0000000008006f48                __exidx_start = .
 *(.ARM.exidx*)
                0x0000000008006f48                __exidx_end = .
                0x0000000008006f48                . = ALIGN (0x4)

.preinit_array  0x0000000008006f48        0x0
                0x0000000008006f48                . = ALIGN (0x4)
                0x0000000008006f48                PROVIDE (__preinit_array_start = .)
 *(.preinit_array*)
                0x0000000008006f48                PROVIDE (__preinit_array_end = .)
                0x0000000008006f48                . = ALIGN (0x4)

.init_array     0x0000000008006f48        0x4
                0x0000000008006f48                . = ALIGN (0x4)
                0x0000000008006f48                PROVIDE (__init_array_start = .)
 *(SORT_BY_NAME(.init_array.*))
 *(.init_array*)
 .init_array    0x0000000008006f48        0x4 /opt/st/stm32cubeide_1.12.0/plugins/com.st.stm32cube.ide.mcu.externaltools.gnu-tools-for-stm32.10.3-2021.10.linux64_1.0.200.202301161003/tools/bin/../lib/gcc/arm-none-eabi/10.3.1/thumb/v7e-m+fp/hard/crtbegin.o
                0x0000000008006f4c                PROVIDE (__init_array_end = .)
                0x0000000008006f4c                . = ALIGN (0x4)

.fini_array     0x0000000008006f4c        0x4
                0x0000000008006f4c                . = ALIGN (0x4)
                [!provide]                        PROVIDE (__fini_array_start = .)
 *(SORT_BY_NAME(.fini_array.*))
 *(.fini_array*)
 .fini_array    0x0000000008006f4c        0x4 /opt/st/stm32cubeide_1.12.0/plugins/com.st.stm32cube.ide.mcu.externaltools.gnu-tools-for-stm32.10.3-2021.10.linux64_1.0.200.202301161003/tools/bin/../lib/gcc/arm-none-eabi/10.3.1/thumb/v7e-m+fp/hard/crtbegin.o
                [!provide]                        PROVIDE (__fini_array_end = .)
                0x0000000008006f50                . = ALIGN (0x4)
                0x0000000008006f50                _sidata = LOADADDR (.data)

.data           0x0000000020000000      0x140 load address 0x0000000008006f50
                0x0000000020000000                . = ALIGN (0x4)
                0x0000000020000000                _sdata = .
 *(.data)
 *(.data*)
 .data.SystemCoreClock
                0x0000000020000000        0x4 ./Core/Src/system_stm32f3xx.o
                0x0000000020000000                SystemCoreClock
 .data.SingleVL6180xDevData
                0x0000000020000004       0xd0 ./Core/Src/vl6180x_api.o
                0x0000000020000004                SingleVL6180xDevData
 .data.uwTickPrio
                0x00000000200000d4        0x4 ./Drivers/STM32F3xx_HAL_Driver/Src/stm32f3xx_hal.o
                0x00000000200000d4                uwTickPrio
 .data.uwTickFreq
                0x00000000200000d8        0x1 ./Drivers/STM32F3xx_HAL_Driver/Src/stm32f3xx_hal.o
                0x00000000200000d8                uwTickFreq
 *fill*         0x00000000200000d9        0x3 
 .data._impure_ptr
                0x00000000200000dc        0x4 /opt/st/stm32cubeide_1.12.0/plugins/com.st.stm32cube.ide.mcu.externaltools.gnu-tools-for-stm32.10.3-2021.10.linux64_1.0.200.202301161003/tools/bin/../lib/gcc/arm-none-eabi/10.3.1/../../../../arm-none-eabi/lib/thumb/v7e-m+fp/hard/libc_nano.a(lib_a-impure.o)
                0x00000000200000dc                _impure_ptr
 .data.impure_data
                0x00000000200000e0       0x60 /opt/st/stm32cubeide_1.12.0/plugins/com.st.stm32cube.ide.mcu.externaltools.gnu-tools-for-stm32.10.3-2021.10.linux64_1.0.200.202301161003/tools/bin/../lib/gcc/arm-none-eabi/10.3.1/../../../../arm-none-eabi/lib/thumb/v7e-m+fp/hard/libc_nano.a(lib_a-impure.o)
 *(.RamFunc)
 *(.RamFunc*)
                0x0000000020000140                . = ALIGN (0x4)
                0x0000000020000140                _edata = .
                0x0000000008007090                _siccmram = LOADADDR (.ccmram)

.igot.plt       0x0000000020000140        0x0 load address 0x0000000008007090
 .igot.plt      0x0000000020000140        0x0 /opt/st/stm32cubeide_1.12.0/plugins/com.st.stm32cube.ide.mcu.externaltools.gnu-tools-for-stm32.10.3-2021.10.linux64_1.0.200.202301161003/tools/bin/../lib/gcc/arm-none-eabi/10.3.1/thumb/v7e-m+fp/hard/crtbegin.o

.ccmram         0x0000000010000000        0x0 load address 0x0000000008007090
                0x0000000010000000                . = ALIGN (0x4)
                0x0000000010000000                _sccmram = .
 *(.ccmram)
 *(.ccmram*)
                0x0000000010000000                . = ALIGN (0x4)
                0x0000000010000000                _eccmram = .
                0x0000000010000000                . = ALIGN (0x4)

.bss            0x0000000020000140      0x110
                0x0000000020000140                _sbss = .
                0x0000000020000140                __bss_start__ = _sbss
 *(.bss)
 .bss           0x0000000020000140       0x1c /opt/st/stm32cubeide_1.12.0/plugins/com.st.stm32cube.ide.mcu.externaltools.gnu-tools-for-stm32.10.3-2021.10.linux64_1.0.200.202301161003/tools/bin/../lib/gcc/arm-none-eabi/10.3.1/thumb/v7e-m+fp/hard/crtbegin.o
 *(.bss*)
 .bss.hi2c1     0x000000002000015c       0x54 ./Core/Src/main.o
                0x000000002000015c                hi2c1
 .bss.huart2    0x00000000200001b0       0x88 ./Core/Src/main.o
                0x00000000200001b0                huart2
 .bss.__sbrk_heap_end
                0x0000000020000238        0x4 ./Core/Src/sysmem.o
 .bss.uwTick    0x000000002000023c        0x4 ./Drivers/STM32F3xx_HAL_Driver/Src/stm32f3xx_hal.o
                0x000000002000023c                uwTick
 .bss.__lock___malloc_recursive_mutex
                0x0000000020000240        0x1 /opt/st/stm32cubeide_1.12.0/plugins/com.st.stm32cube.ide.mcu.externaltools.gnu-tools-for-stm32.10.3-2021.10.linux64_1.0.200.202301161003/tools/bin/../lib/gcc/arm-none-eabi/10.3.1/../../../../arm-none-eabi/lib/thumb/v7e-m+fp/hard/libc_nano.a(lib_a-lock.o)
                0x0000000020000240                __lock___malloc_recursive_mutex
 .bss.__lock___sfp_recursive_mutex
                0x0000000020000241        0x1 /opt/st/stm32cubeide_1.12.0/plugins/com.st.stm32cube.ide.mcu.externaltools.gnu-tools-for-stm32.10.3-2021.10.linux64_1.0.200.202301161003/tools/bin/../lib/gcc/arm-none-eabi/10.3.1/../../../../arm-none-eabi/lib/thumb/v7e-m+fp/hard/libc_nano.a(lib_a-lock.o)
                0x0000000020000241                __lock___sfp_recursive_mutex
 .bss.__lock___sinit_recursive_mutex
                0x0000000020000242        0x1 /opt/st/stm32cubeide_1.12.0/plugins/com.st.stm32cube.ide.mcu.externaltools.gnu-tools-for-stm32.10.3-2021.10.linux64_1.0.200.202301161003/tools/bin/../lib/gcc/arm-none-eabi/10.3.1/../../../../arm-none-eabi/lib/thumb/v7e-m+fp/hard/libc_nano.a(lib_a-lock.o)
                0x0000000020000242                __lock___sinit_recursive_mutex
 *fill*         0x0000000020000243        0x1 
 .bss.__malloc_free_list
                0x0000000020000244        0x4 /opt/st/stm32cubeide_1.12.0/plugins/com.st.stm32cube.ide.mcu.externaltools.gnu-tools-for-stm32.10.3-2021.10.linux64_1.0.200.202301161003/tools/bin/../lib/gcc/arm-none-eabi/10.3.1/../../../../arm-none-eabi/lib/thumb/v7e-m+fp/hard/libc_nano.a(lib_a-nano-mallocr.o)
                0x0000000020000244                __malloc_free_list
 .bss.__malloc_sbrk_start
                0x0000000020000248        0x4 /opt/st/stm32cubeide_1.12.0/plugins/com.st.stm32cube.ide.mcu.externaltools.gnu-tools-for-stm32.10.3-2021.10.linux64_1.0.200.202301161003/tools/bin/../lib/gcc/arm-none-eabi/10.3.1/../../../../arm-none-eabi/lib/thumb/v7e-m+fp/hard/libc_nano.a(lib_a-nano-mallocr.o)
                0x0000000020000248                __malloc_sbrk_start
 .bss.errno     0x000000002000024c        0x4 /opt/st/stm32cubeide_1.12.0/plugins/com.st.stm32cube.ide.mcu.externaltools.gnu-tools-for-stm32.10.3-2021.10.linux64_1.0.200.202301161003/tools/bin/../lib/gcc/arm-none-eabi/10.3.1/../../../../arm-none-eabi/lib/thumb/v7e-m+fp/hard/libc_nano.a(lib_a-reent.o)
                0x000000002000024c                errno
 *(COMMON)
                0x0000000020000250                . = ALIGN (0x4)
                0x0000000020000250                _ebss = .
                0x0000000020000250                __bss_end__ = _ebss

._user_heap_stack
                0x0000000020000250      0x600
                0x0000000020000250                . = ALIGN (0x8)
                [!provide]                        PROVIDE (end = .)
                0x0000000020000250                PROVIDE (_end = .)
                0x0000000020000450                . = (. + _Min_Heap_Size)
 *fill*         0x0000000020000250      0x200 
                0x0000000020000850                . = (. + _Min_Stack_Size)
 *fill*         0x0000000020000450      0x400 
                0x0000000020000850                . = ALIGN (0x8)

/DISCARD/
 libc.a(*)
 libm.a(*)
 libgcc.a(*)

.ARM.attributes
                0x0000000000000000       0x30
 *(.ARM.attributes)
 .ARM.attributes
                0x0000000000000000       0x1e /opt/st/stm32cubeide_1.12.0/plugins/com.st.stm32cube.ide.mcu.externaltools.gnu-tools-for-stm32.10.3-2021.10.linux64_1.0.200.202301161003/tools/bin/../lib/gcc/arm-none-eabi/10.3.1/thumb/v7e-m+fp/hard/crti.o
 .ARM.attributes
                0x000000000000001e       0x34 /opt/st/stm32cubeide_1.12.0/plugins/com.st.stm32cube.ide.mcu.externaltools.gnu-tools-for-stm32.10.3-2021.10.linux64_1.0.200.202301161003/tools/bin/../lib/gcc/arm-none-eabi/10.3.1/thumb/v7e-m+fp/hard/crtbegin.o
 .ARM.attributes
                0x0000000000000052       0x34 ./Core/Src/main.o
 .ARM.attributes
                0x0000000000000086       0x34 ./Core/Src/stm32f3xx_hal_msp.o
 .ARM.attributes
                0x00000000000000ba       0x34 ./Core/Src/stm32f3xx_it.o
 .ARM.attributes
                0x00000000000000ee       0x34 ./Core/Src/syscalls.o
 .ARM.attributes
                0x0000000000000122       0x34 ./Core/Src/sysmem.o
 .ARM.attributes
                0x0000000000000156       0x34 ./Core/Src/system_stm32f3xx.o
 .ARM.attributes
                0x000000000000018a       0x34 ./Core/Src/vl6180x_api.o
 .ARM.attributes
                0x00000000000001be       0x34 ./Core/Src/vl6180x_i2c.o
 .ARM.attributes
                0x00000000000001f2       0x21 ./Core/Startup/startup_stm32f303k8tx.o
 .ARM.attributes
                0x0000000000000213       0x34 ./Drivers/STM32F3xx_HAL_Driver/Src/stm32f3xx_hal.o
 .ARM.attributes
                0x0000000000000247       0x34 ./Drivers/STM32F3xx_HAL_Driver/Src/stm32f3xx_hal_cortex.o
 .ARM.attributes
                0x000000000000027b       0x34 ./Drivers/STM32F3xx_HAL_Driver/Src/stm32f3xx_hal_gpio.o
 .ARM.attributes
                0x00000000000002af       0x34 ./Drivers/STM32F3xx_HAL_Driver/Src/stm32f3xx_hal_i2c.o
 .ARM.attributes
                0x00000000000002e3       0x34 ./Drivers/STM32F3xx_HAL_Driver/Src/stm32f3xx_hal_i2c_ex.o
 .ARM.attributes
                0x0000000000000317       0x34 ./Drivers/STM32F3xx_HAL_Driver/Src/stm32f3xx_hal_rcc.o
 .ARM.attributes
                0x000000000000034b       0x34 ./Drivers/STM32F3xx_HAL_Driver/Src/stm32f3xx_hal_rcc_ex.o
 .ARM.attributes
                0x000000000000037f       0x34 ./Drivers/STM32F3xx_HAL_Driver/Src/stm32f3xx_hal_uart.o
 .ARM.attributes
                0x00000000000003b3       0x34 /opt/st/stm32cubeide_1.12.0/plugins/com.st.stm32cube.ide.mcu.externaltools.gnu-tools-for-stm32.10.3-2021.10.linux64_1.0.200.202301161003/tools/bin/../lib/gcc/arm-none-eabi/10.3.1/../../../../arm-none-eabi/lib/thumb/v7e-m+fp/hard/libc_nano.a(lib_a-errno.o)
 .ARM.attributes
                0x00000000000003e7       0x34 /opt/st/stm32cubeide_1.12.0/plugins/com.st.stm32cube.ide.mcu.externaltools.gnu-tools-for-stm32.10.3-2021.10.linux64_1.0.200.202301161003/tools/bin/../lib/gcc/arm-none-eabi/10.3.1/../../../../arm-none-eabi/lib/thumb/v7e-m+fp/hard/libc_nano.a(lib_a-impure.o)
 .ARM.attributes
                0x000000000000041b       0x34 /opt/st/stm32cubeide_1.12.0/plugins/com.st.stm32cube.ide.mcu.externaltools.gnu-tools-for-stm32.10.3-2021.10.linux64_1.0.200.202301161003/tools/bin/../lib/gcc/arm-none-eabi/10.3.1/../../../../arm-none-eabi/lib/thumb/v7e-m+fp/hard/libc_nano.a(lib_a-init.o)
 .ARM.attributes
                0x000000000000044f       0x34 /opt/st/stm32cubeide_1.12.0/plugins/com.st.stm32cube.ide.mcu.externaltools.gnu-tools-for-stm32.10.3-2021.10.linux64_1.0.200.202301161003/tools/bin/../lib/gcc/arm-none-eabi/10.3.1/../../../../arm-none-eabi/lib/thumb/v7e-m+fp/hard/libc_nano.a(lib_a-memset.o)
 .ARM.attributes
                0x0000000000000483       0x34 /opt/st/stm32cubeide_1.12.0/plugins/com.st.stm32cube.ide.mcu.externaltools.gnu-tools-for-stm32.10.3-2021.10.linux64_1.0.200.202301161003/tools/bin/../lib/gcc/arm-none-eabi/10.3.1/../../../../arm-none-eabi/lib/thumb/v7e-m+fp/hard/libc_nano.a(lib_a-printf.o)
 .ARM.attributes
                0x00000000000004b7       0x34 /opt/st/stm32cubeide_1.12.0/plugins/com.st.stm32cube.ide.mcu.externaltools.gnu-tools-for-stm32.10.3-2021.10.linux64_1.0.200.202301161003/tools/bin/../lib/gcc/arm-none-eabi/10.3.1/../../../../arm-none-eabi/lib/thumb/v7e-m+fp/hard/libc_nano.a(lib_a-puts.o)
 .ARM.attributes
                0x00000000000004eb       0x34 /opt/st/stm32cubeide_1.12.0/plugins/com.st.stm32cube.ide.mcu.externaltools.gnu-tools-for-stm32.10.3-2021.10.linux64_1.0.200.202301161003/tools/bin/../lib/gcc/arm-none-eabi/10.3.1/../../../../arm-none-eabi/lib/thumb/v7e-m+fp/hard/libc_nano.a(lib_a-setbuf.o)
 .ARM.attributes
                0x000000000000051f       0x34 /opt/st/stm32cubeide_1.12.0/plugins/com.st.stm32cube.ide.mcu.externaltools.gnu-tools-for-stm32.10.3-2021.10.linux64_1.0.200.202301161003/tools/bin/../lib/gcc/arm-none-eabi/10.3.1/../../../../arm-none-eabi/lib/thumb/v7e-m+fp/hard/libc_nano.a(lib_a-setvbuf.o)
 .ARM.attributes
                0x0000000000000553       0x34 /opt/st/stm32cubeide_1.12.0/plugins/com.st.stm32cube.ide.mcu.externaltools.gnu-tools-for-stm32.10.3-2021.10.linux64_1.0.200.202301161003/tools/bin/../lib/gcc/arm-none-eabi/10.3.1/../../../../arm-none-eabi/lib/thumb/v7e-m+fp/hard/libc_nano.a(lib_a-wbuf.o)
 .ARM.attributes
                0x0000000000000587       0x34 /opt/st/stm32cubeide_1.12.0/plugins/com.st.stm32cube.ide.mcu.externaltools.gnu-tools-for-stm32.10.3-2021.10.linux64_1.0.200.202301161003/tools/bin/../lib/gcc/arm-none-eabi/10.3.1/../../../../arm-none-eabi/lib/thumb/v7e-m+fp/hard/libc_nano.a(lib_a-wsetup.o)
 .ARM.attributes
                0x00000000000005bb       0x34 /opt/st/stm32cubeide_1.12.0/plugins/com.st.stm32cube.ide.mcu.externaltools.gnu-tools-for-stm32.10.3-2021.10.linux64_1.0.200.202301161003/tools/bin/../lib/gcc/arm-none-eabi/10.3.1/../../../../arm-none-eabi/lib/thumb/v7e-m+fp/hard/libc_nano.a(lib_a-fflush.o)
 .ARM.attributes
                0x00000000000005ef       0x34 /opt/st/stm32cubeide_1.12.0/plugins/com.st.stm32cube.ide.mcu.externaltools.gnu-tools-for-stm32.10.3-2021.10.linux64_1.0.200.202301161003/tools/bin/../lib/gcc/arm-none-eabi/10.3.1/../../../../arm-none-eabi/lib/thumb/v7e-m+fp/hard/libc_nano.a(lib_a-findfp.o)
 .ARM.attributes
                0x0000000000000623       0x34 /opt/st/stm32cubeide_1.12.0/plugins/com.st.stm32cube.ide.mcu.externaltools.gnu-tools-for-stm32.10.3-2021.10.linux64_1.0.200.202301161003/tools/bin/../lib/gcc/arm-none-eabi/10.3.1/../../../../arm-none-eabi/lib/thumb/v7e-m+fp/hard/libc_nano.a(lib_a-fwalk.o)
 .ARM.attributes
                0x0000000000000657       0x34 /opt/st/stm32cubeide_1.12.0/plugins/com.st.stm32cube.ide.mcu.externaltools.gnu-tools-for-stm32.10.3-2021.10.linux64_1.0.200.202301161003/tools/bin/../lib/gcc/arm-none-eabi/10.3.1/../../../../arm-none-eabi/lib/thumb/v7e-m+fp/hard/libc_nano.a(lib_a-lock.o)
 .ARM.attributes
                0x000000000000068b       0x34 /opt/st/stm32cubeide_1.12.0/plugins/com.st.stm32cube.ide.mcu.externaltools.gnu-tools-for-stm32.10.3-2021.10.linux64_1.0.200.202301161003/tools/bin/../lib/gcc/arm-none-eabi/10.3.1/../../../../arm-none-eabi/lib/thumb/v7e-m+fp/hard/libc_nano.a(lib_a-makebuf.o)
 .ARM.attributes
                0x00000000000006bf       0x34 /opt/st/stm32cubeide_1.12.0/plugins/com.st.stm32cube.ide.mcu.externaltools.gnu-tools-for-stm32.10.3-2021.10.linux64_1.0.200.202301161003/tools/bin/../lib/gcc/arm-none-eabi/10.3.1/../../../../arm-none-eabi/lib/thumb/v7e-m+fp/hard/libc_nano.a(lib_a-malloc.o)
 .ARM.attributes
                0x00000000000006f3       0x34 /opt/st/stm32cubeide_1.12.0/plugins/com.st.stm32cube.ide.mcu.externaltools.gnu-tools-for-stm32.10.3-2021.10.linux64_1.0.200.202301161003/tools/bin/../lib/gcc/arm-none-eabi/10.3.1/../../../../arm-none-eabi/lib/thumb/v7e-m+fp/hard/libc_nano.a(lib_a-nano-freer.o)
 .ARM.attributes
                0x0000000000000727       0x34 /opt/st/stm32cubeide_1.12.0/plugins/com.st.stm32cube.ide.mcu.externaltools.gnu-tools-for-stm32.10.3-2021.10.linux64_1.0.200.202301161003/tools/bin/../lib/gcc/arm-none-eabi/10.3.1/../../../../arm-none-eabi/lib/thumb/v7e-m+fp/hard/libc_nano.a(lib_a-nano-mallocr.o)
 .ARM.attributes
                0x000000000000075b       0x34 /opt/st/stm32cubeide_1.12.0/plugins/com.st.stm32cube.ide.mcu.externaltools.gnu-tools-for-stm32.10.3-2021.10.linux64_1.0.200.202301161003/tools/bin/../lib/gcc/arm-none-eabi/10.3.1/../../../../arm-none-eabi/lib/thumb/v7e-m+fp/hard/libc_nano.a(lib_a-nano-vfprintf.o)
 .ARM.attributes
                0x000000000000078f       0x34 /opt/st/stm32cubeide_1.12.0/plugins/com.st.stm32cube.ide.mcu.externaltools.gnu-tools-for-stm32.10.3-2021.10.linux64_1.0.200.202301161003/tools/bin/../lib/gcc/arm-none-eabi/10.3.1/../../../../arm-none-eabi/lib/thumb/v7e-m+fp/hard/libc_nano.a(lib_a-nano-vfprintf_i.o)
 .ARM.attributes
                0x00000000000007c3       0x34 /opt/st/stm32cubeide_1.12.0/plugins/com.st.stm32cube.ide.mcu.externaltools.gnu-tools-for-stm32.10.3-2021.10.linux64_1.0.200.202301161003/tools/bin/../lib/gcc/arm-none-eabi/10.3.1/../../../../arm-none-eabi/lib/thumb/v7e-m+fp/hard/libc_nano.a(lib_a-sbrkr.o)
 .ARM.attributes
                0x00000000000007f7       0x34 /opt/st/stm32cubeide_1.12.0/plugins/com.st.stm32cube.ide.mcu.externaltools.gnu-tools-for-stm32.10.3-2021.10.linux64_1.0.200.202301161003/tools/bin/../lib/gcc/arm-none-eabi/10.3.1/../../../../arm-none-eabi/lib/thumb/v7e-m+fp/hard/libc_nano.a(lib_a-stdio.o)
 .ARM.attributes
                0x000000000000082b       0x34 /opt/st/stm32cubeide_1.12.0/plugins/com.st.stm32cube.ide.mcu.externaltools.gnu-tools-for-stm32.10.3-2021.10.linux64_1.0.200.202301161003/tools/bin/../lib/gcc/arm-none-eabi/10.3.1/../../../../arm-none-eabi/lib/thumb/v7e-m+fp/hard/libc_nano.a(lib_a-writer.o)
 .ARM.attributes
                0x000000000000085f       0x34 /opt/st/stm32cubeide_1.12.0/plugins/com.st.stm32cube.ide.mcu.externaltools.gnu-tools-for-stm32.10.3-2021.10.linux64_1.0.200.202301161003/tools/bin/../lib/gcc/arm-none-eabi/10.3.1/../../../../arm-none-eabi/lib/thumb/v7e-m+fp/hard/libc_nano.a(lib_a-closer.o)
 .ARM.attributes
                0x0000000000000893       0x34 /opt/st/stm32cubeide_1.12.0/plugins/com.st.stm32cube.ide.mcu.externaltools.gnu-tools-for-stm32.10.3-2021.10.linux64_1.0.200.202301161003/tools/bin/../lib/gcc/arm-none-eabi/10.3.1/../../../../arm-none-eabi/lib/thumb/v7e-m+fp/hard/libc_nano.a(lib_a-fstatr.o)
 .ARM.attributes
                0x00000000000008c7       0x34 /opt/st/stm32cubeide_1.12.0/plugins/com.st.stm32cube.ide.mcu.externaltools.gnu-tools-for-stm32.10.3-2021.10.linux64_1.0.200.202301161003/tools/bin/../lib/gcc/arm-none-eabi/10.3.1/../../../../arm-none-eabi/lib/thumb/v7e-m+fp/hard/libc_nano.a(lib_a-isattyr.o)
 .ARM.attributes
                0x00000000000008fb       0x34 /opt/st/stm32cubeide_1.12.0/plugins/com.st.stm32cube.ide.mcu.externaltools.gnu-tools-for-stm32.10.3-2021.10.linux64_1.0.200.202301161003/tools/bin/../lib/gcc/arm-none-eabi/10.3.1/../../../../arm-none-eabi/lib/thumb/v7e-m+fp/hard/libc_nano.a(lib_a-lseekr.o)
 .ARM.attributes
                0x000000000000092f       0x1c /opt/st/stm32cubeide_1.12.0/plugins/com.st.stm32cube.ide.mcu.externaltools.gnu-tools-for-stm32.10.3-2021.10.linux64_1.0.200.202301161003/tools/bin/../lib/gcc/arm-none-eabi/10.3.1/../../../../arm-none-eabi/lib/thumb/v7e-m+fp/hard/libc_nano.a(lib_a-memchr.o)
 .ARM.attributes
                0x000000000000094b       0x34 /opt/st/stm32cubeide_1.12.0/plugins/com.st.stm32cube.ide.mcu.externaltools.gnu-tools-for-stm32.10.3-2021.10.linux64_1.0.200.202301161003/tools/bin/../lib/gcc/arm-none-eabi/10.3.1/../../../../arm-none-eabi/lib/thumb/v7e-m+fp/hard/libc_nano.a(lib_a-mlock.o)
 .ARM.attributes
                0x000000000000097f       0x34 /opt/st/stm32cubeide_1.12.0/plugins/com.st.stm32cube.ide.mcu.externaltools.gnu-tools-for-stm32.10.3-2021.10.linux64_1.0.200.202301161003/tools/bin/../lib/gcc/arm-none-eabi/10.3.1/../../../../arm-none-eabi/lib/thumb/v7e-m+fp/hard/libc_nano.a(lib_a-readr.o)
 .ARM.attributes
                0x00000000000009b3       0x34 /opt/st/stm32cubeide_1.12.0/plugins/com.st.stm32cube.ide.mcu.externaltools.gnu-tools-for-stm32.10.3-2021.10.linux64_1.0.200.202301161003/tools/bin/../lib/gcc/arm-none-eabi/10.3.1/../../../../arm-none-eabi/lib/thumb/v7e-m+fp/hard/libc_nano.a(lib_a-reent.o)
 .ARM.attributes
                0x00000000000009e7       0x1e /opt/st/stm32cubeide_1.12.0/plugins/com.st.stm32cube.ide.mcu.externaltools.gnu-tools-for-stm32.10.3-2021.10.linux64_1.0.200.202301161003/tools/bin/../lib/gcc/arm-none-eabi/10.3.1/thumb/v7e-m+fp/hard/crtn.o
OUTPUT(vl6180xTesting.elf elf32-littlearm)
LOAD linker stubs
LOAD /opt/st/stm32cubeide_1.12.0/plugins/com.st.stm32cube.ide.mcu.externaltools.gnu-tools-for-stm32.10.3-2021.10.linux64_1.0.200.202301161003/tools/bin/../lib/gcc/arm-none-eabi/10.3.1/../../../../arm-none-eabi/lib/thumb/v7e-m+fp/hard/libc.a
LOAD /opt/st/stm32cubeide_1.12.0/plugins/com.st.stm32cube.ide.mcu.externaltools.gnu-tools-for-stm32.10.3-2021.10.linux64_1.0.200.202301161003/tools/bin/../lib/gcc/arm-none-eabi/10.3.1/../../../../arm-none-eabi/lib/thumb/v7e-m+fp/hard/libm.a
LOAD /opt/st/stm32cubeide_1.12.0/plugins/com.st.stm32cube.ide.mcu.externaltools.gnu-tools-for-stm32.10.3-2021.10.linux64_1.0.200.202301161003/tools/bin/../lib/gcc/arm-none-eabi/10.3.1/thumb/v7e-m+fp/hard/libgcc.a

.debug_info     0x0000000000000000    0x10159
 .debug_info    0x0000000000000000     0x1a05 ./Core/Src/main.o
 .debug_info    0x0000000000001a05      0xd0c ./Core/Src/stm32f3xx_hal_msp.o
 .debug_info    0x0000000000002711      0x122 ./Core/Src/stm32f3xx_it.o
 .debug_info    0x0000000000002833      0x6e0 ./Core/Src/syscalls.o
 .debug_info    0x0000000000002f13      0x171 ./Core/Src/sysmem.o
 .debug_info    0x0000000000003084      0x416 ./Core/Src/system_stm32f3xx.o
 .debug_info    0x000000000000349a     0x2aee ./Core/Src/vl6180x_api.o
 .debug_info    0x0000000000005f88      0x4f6 ./Core/Src/vl6180x_i2c.o
 .debug_info    0x000000000000647e       0x22 ./Core/Startup/startup_stm32f303k8tx.o
 .debug_info    0x00000000000064a0      0x77d ./Drivers/STM32F3xx_HAL_Driver/Src/stm32f3xx_hal.o
 .debug_info    0x0000000000006c1d      0xb20 ./Drivers/STM32F3xx_HAL_Driver/Src/stm32f3xx_hal_cortex.o
 .debug_info    0x000000000000773d      0x74e ./Drivers/STM32F3xx_HAL_Driver/Src/stm32f3xx_hal_gpio.o
 .debug_info    0x0000000000007e8b     0x226b ./Drivers/STM32F3xx_HAL_Driver/Src/stm32f3xx_hal_i2c.o
 .debug_info    0x000000000000a0f6      0x96f ./Drivers/STM32F3xx_HAL_Driver/Src/stm32f3xx_hal_i2c_ex.o
 .debug_info    0x000000000000aa65     0x1585 ./Drivers/STM32F3xx_HAL_Driver/Src/stm32f3xx_hal_rcc.o
 .debug_info    0x000000000000bfea      0x577 ./Drivers/STM32F3xx_HAL_Driver/Src/stm32f3xx_hal_rcc_ex.o
 .debug_info    0x000000000000c561     0x3bf8 ./Drivers/STM32F3xx_HAL_Driver/Src/stm32f3xx_hal_uart.o

.debug_abbrev   0x0000000000000000     0x1fac
 .debug_abbrev  0x0000000000000000      0x34f ./Core/Src/main.o
 .debug_abbrev  0x000000000000034f      0x1a6 ./Core/Src/stm32f3xx_hal_msp.o
 .debug_abbrev  0x00000000000004f5       0x74 ./Core/Src/stm32f3xx_it.o
 .debug_abbrev  0x0000000000000569      0x1b3 ./Core/Src/syscalls.o
 .debug_abbrev  0x000000000000071c       0xbb ./Core/Src/sysmem.o
 .debug_abbrev  0x00000000000007d7      0x116 ./Core/Src/system_stm32f3xx.o
 .debug_abbrev  0x00000000000008ed      0x339 ./Core/Src/vl6180x_api.o
 .debug_abbrev  0x0000000000000c26       0xe2 ./Core/Src/vl6180x_i2c.o
 .debug_abbrev  0x0000000000000d08       0x12 ./Core/Startup/startup_stm32f303k8tx.o
 .debug_abbrev  0x0000000000000d1a      0x20e ./Drivers/STM32F3xx_HAL_Driver/Src/stm32f3xx_hal.o
 .debug_abbrev  0x0000000000000f28      0x2ed ./Drivers/STM32F3xx_HAL_Driver/Src/stm32f3xx_hal_cortex.o
 .debug_abbrev  0x0000000000001215      0x1bb ./Drivers/STM32F3xx_HAL_Driver/Src/stm32f3xx_hal_gpio.o
 .debug_abbrev  0x00000000000013d0      0x24a ./Drivers/STM32F3xx_HAL_Driver/Src/stm32f3xx_hal_i2c.o
 .debug_abbrev  0x000000000000161a      0x1b0 ./Drivers/STM32F3xx_HAL_Driver/Src/stm32f3xx_hal_i2c_ex.o
 .debug_abbrev  0x00000000000017ca      0x2f9 ./Drivers/STM32F3xx_HAL_Driver/Src/stm32f3xx_hal_rcc.o
 .debug_abbrev  0x0000000000001ac3      0x22d ./Drivers/STM32F3xx_HAL_Driver/Src/stm32f3xx_hal_rcc_ex.o
 .debug_abbrev  0x0000000000001cf0      0x2bc ./Drivers/STM32F3xx_HAL_Driver/Src/stm32f3xx_hal_uart.o

.debug_aranges  0x0000000000000000      0xcf8
 .debug_aranges
                0x0000000000000000       0x60 ./Core/Src/main.o
 .debug_aranges
                0x0000000000000060       0x40 ./Core/Src/stm32f3xx_hal_msp.o
 .debug_aranges
                0x00000000000000a0       0x60 ./Core/Src/stm32f3xx_it.o
 .debug_aranges
                0x0000000000000100       0xa8 ./Core/Src/syscalls.o
 .debug_aranges
                0x00000000000001a8       0x20 ./Core/Src/sysmem.o
 .debug_aranges
                0x00000000000001c8       0x28 ./Core/Src/system_stm32f3xx.o
 .debug_aranges
                0x00000000000001f0      0x280 ./Core/Src/vl6180x_api.o
 .debug_aranges
                0x0000000000000470       0x58 ./Core/Src/vl6180x_i2c.o
 .debug_aranges
                0x00000000000004c8       0x28 ./Core/Startup/startup_stm32f303k8tx.o
 .debug_aranges
                0x00000000000004f0       0xe0 ./Drivers/STM32F3xx_HAL_Driver/Src/stm32f3xx_hal.o
 .debug_aranges
                0x00000000000005d0      0x100 ./Drivers/STM32F3xx_HAL_Driver/Src/stm32f3xx_hal_cortex.o
 .debug_aranges
                0x00000000000006d0       0x58 ./Drivers/STM32F3xx_HAL_Driver/Src/stm32f3xx_hal_gpio.o
 .debug_aranges
                0x0000000000000728      0x2a0 ./Drivers/STM32F3xx_HAL_Driver/Src/stm32f3xx_hal_i2c.o
 .debug_aranges
                0x00000000000009c8       0x48 ./Drivers/STM32F3xx_HAL_Driver/Src/stm32f3xx_hal_i2c_ex.o
 .debug_aranges
                0x0000000000000a10       0x88 ./Drivers/STM32F3xx_HAL_Driver/Src/stm32f3xx_hal_rcc.o
 .debug_aranges
                0x0000000000000a98       0x38 ./Drivers/STM32F3xx_HAL_Driver/Src/stm32f3xx_hal_rcc_ex.o
 .debug_aranges
                0x0000000000000ad0      0x228 ./Drivers/STM32F3xx_HAL_Driver/Src/stm32f3xx_hal_uart.o

.debug_ranges   0x0000000000000000      0xc20
 .debug_ranges  0x0000000000000000       0x50 ./Core/Src/main.o
 .debug_ranges  0x0000000000000050       0x30 ./Core/Src/stm32f3xx_hal_msp.o
 .debug_ranges  0x0000000000000080       0x50 ./Core/Src/stm32f3xx_it.o
 .debug_ranges  0x00000000000000d0       0x98 ./Core/Src/syscalls.o
 .debug_ranges  0x0000000000000168       0x10 ./Core/Src/sysmem.o
 .debug_ranges  0x0000000000000178       0x18 ./Core/Src/system_stm32f3xx.o
 .debug_ranges  0x0000000000000190      0x270 ./Core/Src/vl6180x_api.o
 .debug_ranges  0x0000000000000400       0x48 ./Core/Src/vl6180x_i2c.o
 .debug_ranges  0x0000000000000448       0x20 ./Core/Startup/startup_stm32f303k8tx.o
 .debug_ranges  0x0000000000000468       0xd0 ./Drivers/STM32F3xx_HAL_Driver/Src/stm32f3xx_hal.o
 .debug_ranges  0x0000000000000538       0xf0 ./Drivers/STM32F3xx_HAL_Driver/Src/stm32f3xx_hal_cortex.o
 .debug_ranges  0x0000000000000628       0x48 ./Drivers/STM32F3xx_HAL_Driver/Src/stm32f3xx_hal_gpio.o
 .debug_ranges  0x0000000000000670      0x290 ./Drivers/STM32F3xx_HAL_Driver/Src/stm32f3xx_hal_i2c.o
 .debug_ranges  0x0000000000000900       0x38 ./Drivers/STM32F3xx_HAL_Driver/Src/stm32f3xx_hal_i2c_ex.o
 .debug_ranges  0x0000000000000938       0x78 ./Drivers/STM32F3xx_HAL_Driver/Src/stm32f3xx_hal_rcc.o
 .debug_ranges  0x00000000000009b0       0x28 ./Drivers/STM32F3xx_HAL_Driver/Src/stm32f3xx_hal_rcc_ex.o
 .debug_ranges  0x00000000000009d8      0x248 ./Drivers/STM32F3xx_HAL_Driver/Src/stm32f3xx_hal_uart.o

.debug_macro    0x0000000000000000    0x1cc23
 .debug_macro   0x0000000000000000      0x39d ./Core/Src/main.o
 .debug_macro   0x000000000000039d      0xa78 ./Core/Src/main.o
 .debug_macro   0x0000000000000e15      0x151 ./Core/Src/main.o
 .debug_macro   0x0000000000000f66       0x2e ./Core/Src/main.o
 .debug_macro   0x0000000000000f94       0x28 ./Core/Src/main.o
 .debug_macro   0x0000000000000fbc       0x22 ./Core/Src/main.o
 .debug_macro   0x0000000000000fde       0x8e ./Core/Src/main.o
 .debug_macro   0x000000000000106c       0x51 ./Core/Src/main.o
 .debug_macro   0x00000000000010bd      0x103 ./Core/Src/main.o
 .debug_macro   0x00000000000011c0       0x6a ./Core/Src/main.o
 .debug_macro   0x000000000000122a      0x1df ./Core/Src/main.o
 .debug_macro   0x0000000000001409       0x1c ./Core/Src/main.o
 .debug_macro   0x0000000000001425       0x22 ./Core/Src/main.o
 .debug_macro   0x0000000000001447       0xd9 ./Core/Src/main.o
 .debug_macro   0x0000000000001520      0xf07 ./Core/Src/main.o
 .debug_macro   0x0000000000002427    0x10be0 ./Core/Src/main.o
 .debug_macro   0x0000000000013007       0x6d ./Core/Src/main.o
 .debug_macro   0x0000000000013074     0x3558 ./Core/Src/main.o
 .debug_macro   0x00000000000165cc      0x174 ./Core/Src/main.o
 .debug_macro   0x0000000000016740       0x55 ./Core/Src/main.o
 .debug_macro   0x0000000000016795      0x8f8 ./Core/Src/main.o
 .debug_macro   0x000000000001708d      0x304 ./Core/Src/main.o
 .debug_macro   0x0000000000017391      0x1b5 ./Core/Src/main.o
 .debug_macro   0x0000000000017546      0x11b ./Core/Src/main.o
 .debug_macro   0x0000000000017661      0x1d5 ./Core/Src/main.o
 .debug_macro   0x0000000000017836      0x1bc ./Core/Src/main.o
 .debug_macro   0x00000000000179f2       0x34 ./Core/Src/main.o
 .debug_macro   0x0000000000017a26       0x3c ./Core/Src/main.o
 .debug_macro   0x0000000000017a62       0x57 ./Core/Src/main.o
 .debug_macro   0x0000000000017ab9       0xc5 ./Core/Src/main.o
 .debug_macro   0x0000000000017b7e      0x19f ./Core/Src/main.o
 .debug_macro   0x0000000000017d1d      0x22c ./Core/Src/main.o
 .debug_macro   0x0000000000017f49       0x5b ./Core/Src/main.o
 .debug_macro   0x0000000000017fa4       0xa5 ./Core/Src/main.o
 .debug_macro   0x0000000000018049       0x81 ./Core/Src/main.o
 .debug_macro   0x00000000000180ca       0xd3 ./Core/Src/main.o
 .debug_macro   0x000000000001819d      0x5ba ./Core/Src/main.o
 .debug_macro   0x0000000000018757       0x44 ./Core/Src/main.o
 .debug_macro   0x000000000001879b      0x285 ./Core/Src/main.o
 .debug_macro   0x0000000000018a20       0x40 ./Core/Src/main.o
 .debug_macro   0x0000000000018a60       0x52 ./Core/Src/main.o
 .debug_macro   0x0000000000018ab2       0x1e ./Core/Src/main.o
 .debug_macro   0x0000000000018ad0       0x3c ./Core/Src/main.o
 .debug_macro   0x0000000000018b0c       0x34 ./Core/Src/main.o
 .debug_macro   0x0000000000018b40       0x10 ./Core/Src/main.o
 .debug_macro   0x0000000000018b50       0x35 ./Core/Src/main.o
 .debug_macro   0x0000000000018b85      0x341 ./Core/Src/main.o
 .debug_macro   0x0000000000018ec6       0x10 ./Core/Src/main.o
 .debug_macro   0x0000000000018ed6       0x16 ./Core/Src/main.o
 .debug_macro   0x0000000000018eec       0x43 ./Core/Src/main.o
 .debug_macro   0x0000000000018f2f       0x34 ./Core/Src/main.o
 .debug_macro   0x0000000000018f63       0x1c ./Core/Src/main.o
 .debug_macro   0x0000000000018f7f       0x52 ./Core/Src/main.o
 .debug_macro   0x0000000000018fd1       0x22 ./Core/Src/main.o
 .debug_macro   0x0000000000018ff3       0x10 ./Core/Src/main.o
 .debug_macro   0x0000000000019003       0x52 ./Core/Src/main.o
 .debug_macro   0x0000000000019055       0xd5 ./Core/Src/main.o
 .debug_macro   0x000000000001912a       0x1c ./Core/Src/main.o
 .debug_macro   0x0000000000019146       0x3d ./Core/Src/main.o
 .debug_macro   0x0000000000019183      0x51a ./Core/Src/main.o
 .debug_macro   0x000000000001969d       0x36 ./Core/Src/main.o
 .debug_macro   0x00000000000196d3       0x28 ./Core/Src/main.o
 .debug_macro   0x00000000000196fb       0x28 ./Core/Src/main.o
 .debug_macro   0x0000000000019723      0x2bb ./Core/Src/main.o
 .debug_macro   0x00000000000199de       0x27 ./Core/Src/main.o
 .debug_macro   0x0000000000019a05       0x40 ./Core/Src/main.o
 .debug_macro   0x0000000000019a45       0x16 ./Core/Src/main.o
 .debug_macro   0x0000000000019a5b       0x10 ./Core/Src/main.o
 .debug_macro   0x0000000000019a6b       0x10 ./Core/Src/main.o
 .debug_macro   0x0000000000019a7b       0x58 ./Core/Src/main.o
 .debug_macro   0x0000000000019ad3       0x71 ./Core/Src/main.o
 .debug_macro   0x0000000000019b44       0x1c ./Core/Src/main.o
 .debug_macro   0x0000000000019b60      0x12a ./Core/Src/main.o
 .debug_macro   0x0000000000019c8a       0x16 ./Core/Src/main.o
 .debug_macro   0x0000000000019ca0      0x130 ./Core/Src/main.o
 .debug_macro   0x0000000000019dd0      0x1c0 ./Core/Src/stm32f3xx_hal_msp.o
 .debug_macro   0x0000000000019f90      0x1ca ./Core/Src/stm32f3xx_it.o
 .debug_macro   0x000000000001a15a      0x24c ./Core/Src/syscalls.o
 .debug_macro   0x000000000001a3a6       0x4c ./Core/Src/syscalls.o
 .debug_macro   0x000000000001a3f2       0x94 ./Core/Src/syscalls.o
 .debug_macro   0x000000000001a486       0x57 ./Core/Src/syscalls.o
 .debug_macro   0x000000000001a4dd       0x10 ./Core/Src/syscalls.o
 .debug_macro   0x000000000001a4ed       0x10 ./Core/Src/syscalls.o
 .debug_macro   0x000000000001a4fd       0x10 ./Core/Src/syscalls.o
 .debug_macro   0x000000000001a50d       0x35 ./Core/Src/syscalls.o
 .debug_macro   0x000000000001a542      0x12c ./Core/Src/syscalls.o
 .debug_macro   0x000000000001a66e       0x16 ./Core/Src/syscalls.o
 .debug_macro   0x000000000001a684       0x16 ./Core/Src/syscalls.o
 .debug_macro   0x000000000001a69a       0x29 ./Core/Src/syscalls.o
 .debug_macro   0x000000000001a6c3       0x10 ./Core/Src/syscalls.o
 .debug_macro   0x000000000001a6d3      0x241 ./Core/Src/syscalls.o
 .debug_macro   0x000000000001a914       0x1c ./Core/Src/syscalls.o
 .debug_macro   0x000000000001a930       0x10 ./Core/Src/syscalls.o
 .debug_macro   0x000000000001a940      0x145 ./Core/Src/syscalls.o
 .debug_macro   0x000000000001aa85      0x189 ./Core/Src/syscalls.o
 .debug_macro   0x000000000001ac0e       0x16 ./Core/Src/syscalls.o
 .debug_macro   0x000000000001ac24       0xce ./Core/Src/syscalls.o
 .debug_macro   0x000000000001acf2       0xff ./Core/Src/sysmem.o
 .debug_macro   0x000000000001adf1      0x23b ./Core/Src/sysmem.o
 .debug_macro   0x000000000001b02c      0x1b1 ./Core/Src/system_stm32f3xx.o
 .debug_macro   0x000000000001b1dd      0x2ff ./Core/Src/vl6180x_api.o
 .debug_macro   0x000000000001b4dc       0xcf ./Core/Src/vl6180x_api.o
 .debug_macro   0x000000000001b5ab       0x20 ./Core/Src/vl6180x_api.o
 .debug_macro   0x000000000001b5cb       0xbe ./Core/Src/vl6180x_api.o
 .debug_macro   0x000000000001b689      0x3bf ./Core/Src/vl6180x_i2c.o
 .debug_macro   0x000000000001ba48       0x4f ./Core/Src/vl6180x_i2c.o
 .debug_macro   0x000000000001ba97      0x27e ./Core/Src/vl6180x_i2c.o
 .debug_macro   0x000000000001bd15       0x1e ./Core/Src/vl6180x_i2c.o
 .debug_macro   0x000000000001bd33       0x10 ./Core/Src/vl6180x_i2c.o
 .debug_macro   0x000000000001bd43       0x20 ./Core/Src/vl6180x_i2c.o
 .debug_macro   0x000000000001bd63      0x1d5 ./Drivers/STM32F3xx_HAL_Driver/Src/stm32f3xx_hal.o
 .debug_macro   0x000000000001bf38      0x1b1 ./Drivers/STM32F3xx_HAL_Driver/Src/stm32f3xx_hal_cortex.o
 .debug_macro   0x000000000001c0e9      0x1b8 ./Drivers/STM32F3xx_HAL_Driver/Src/stm32f3xx_hal_gpio.o
 .debug_macro   0x000000000001c2a1      0x27d ./Drivers/STM32F3xx_HAL_Driver/Src/stm32f3xx_hal_i2c.o
 .debug_macro   0x000000000001c51e      0x1b1 ./Drivers/STM32F3xx_HAL_Driver/Src/stm32f3xx_hal_i2c_ex.o
 .debug_macro   0x000000000001c6cf      0x1d5 ./Drivers/STM32F3xx_HAL_Driver/Src/stm32f3xx_hal_rcc.o
 .debug_macro   0x000000000001c8a4      0x1b1 ./Drivers/STM32F3xx_HAL_Driver/Src/stm32f3xx_hal_rcc_ex.o
 .debug_macro   0x000000000001ca55      0x1ce ./Drivers/STM32F3xx_HAL_Driver/Src/stm32f3xx_hal_uart.o

.debug_line     0x0000000000000000     0xfefa
 .debug_line    0x0000000000000000      0xabc ./Core/Src/main.o
 .debug_line    0x0000000000000abc      0x725 ./Core/Src/stm32f3xx_hal_msp.o
 .debug_line    0x00000000000011e1      0x74d ./Core/Src/stm32f3xx_it.o
 .debug_line    0x000000000000192e      0x7d1 ./Core/Src/syscalls.o
 .debug_line    0x00000000000020ff      0x4c7 ./Core/Src/sysmem.o
 .debug_line    0x00000000000025c6      0x701 ./Core/Src/system_stm32f3xx.o
 .debug_line    0x0000000000002cc7     0x1b66 ./Core/Src/vl6180x_api.o
 .debug_line    0x000000000000482d      0xadb ./Core/Src/vl6180x_i2c.o
 .debug_line    0x0000000000005308       0x88 ./Core/Startup/startup_stm32f303k8tx.o
 .debug_line    0x0000000000005390      0x936 ./Drivers/STM32F3xx_HAL_Driver/Src/stm32f3xx_hal.o
 .debug_line    0x0000000000005cc6      0xb1e ./Drivers/STM32F3xx_HAL_Driver/Src/stm32f3xx_hal_cortex.o